=====================================================================
== C:\SERVICES\ni13121453_1_SHARE\ftproot\dayzstandalone\DayZServer_x64.exe
== "C:\SERVICES\ni13121453_1_SHARE\ftproot\dayzstandalone\DayZServer_x64.exe" -ip=85.190.149.78 -port=10300 -cpuCount=4 -limitFPS=100 -config=serverDZ.cfg "-mod=@CF;@Dabs-Framework;@Zens-Core-Mod;@DayZ-Expansion-Licensed;@DayZ-Editor-Loader;@VPPAdminTools;@Building-Fortifications;@Early-Winter-or-late-Fall-in-Chernarus;@Furniture;@Knock-Knock-Zombies;@Mortys-Weapons;@Peek-Doors;@Quadleys-Tools-and-Melee-Weapons;@WindstridesClothingPack;@Zens-Lazy-Actions;@Zens-Skill-Perk-Tree;@Zens-Sleeping-Mod;@Zens-Repairable-Wells;@Zens-Zombie-Door-Bangers" -profiles=C:\SERVICES\ni13121453_1_SHARE\ftproot\dayzstandalone/config -BEPath=C:\SERVICES\ni13121453_1_SHARE\ftproot\dayzstandalone\battleye -nologs -freezecheck
=====================================================================
Exe timestamp: 2026/05/25 19:14:58
Current time:  2026/05/26 20:43:36
Version 1.29.162510
=====================================================================

20:43:36.42  ENGINE    (W): Process affinity forced to f
20:43:45.219 ENGINE    (W): No module info used, trying to identify -> 0x760F0000
20:43:45.230 ENGINE    (W): Adjusting job system settings to have at least one job worker thread.
20:43:45.619 [Inputs] Loading inputs default "bin/constants.xml"
20:43:45.624 [Inputs] Loading inputs default "bin/specific.xml"
20:43:45.627 !!! [Inputs] Cannot load inputs default "", file does not exist
20:43:45.627 !!! [Inputs] Failed to load MODDED inputs - file name/ path invalid?
20:43:45.628 [Inputs] Loading inputs default "VPPAdminTools/data/modded_Inputs.xml"
20:43:45.631 [Inputs] Loading inputs default "WindstrideClothing/Inputs.xml"
20:43:45.634 [Inputs] Loading inputs default "ZenLazyAction/data/inputs.xml"
20:43:45.636 [Inputs] Loading inputs default "ZenSkills/data/inputs.xml"
20:43:45.639 [Inputs] Loading inputs cfg "C:\SERVICES\ni13121453_1_SHARE\ftproot\dayzstandalone/config\Users\Survivor\Server.core.xml"
20:43:45.653 [Inputs] Exporting inputs cfg "C:\SERVICES\ni13121453_1_SHARE\ftproot\dayzstandalone/config\Users\Survivor\Server.core.xml"
20:43:52.462 SCRIPT    (W): @"ZenRepairWells/scripts/3_game/zenwellsconfig.c,17": FIX-ME: Unexpected statement 'ref'
20:43:56.01  ANIMATION (E): Can't load @Zens-Zombie-Door-Bangers/Anims/cfg/skeletons.anim.xml
20:43:56.01  ANIMATION (E): Failed to open file, line 0, column 0
20:43:56.02  ANIMATION (E): Can't load @Zens-Repairable-Wells/Anims/cfg/skeletons.anim.xml
20:43:56.02  ANIMATION (E): Failed to open file, line 0, column 0
20:43:56.02  ANIMATION (E): Can't load @Zens-Sleeping-Mod/Anims/cfg/skeletons.anim.xml
20:43:56.02  ANIMATION (E): Failed to open file, line 0, column 0
20:43:56.02  ANIMATION (E): Can't load @Zens-Skill-Perk-Tree/Anims/cfg/skeletons.anim.xml
20:43:56.03  ANIMATION (E): Failed to open file, line 0, column 0
20:43:56.03  ANIMATION (E): Can't load @Zens-Lazy-Actions/Anims/cfg/skeletons.anim.xml
20:43:56.03  ANIMATION (E): Failed to open file, line 0, column 0
20:43:56.03  ANIMATION (E): Can't load @WindstridesClothingPack/Anims/cfg/skeletons.anim.xml
20:43:56.03  ANIMATION (E): Failed to open file, line 0, column 0
20:43:56.03  ANIMATION (E): Can't load @Quadleys-Tools-and-Melee-Weapons/Anims/cfg/skeletons.anim.xml
20:43:56.04  ANIMATION (E): Failed to open file, line 0, column 0
20:43:56.04  ANIMATION (E): Can't load @Peek-Doors/Anims/cfg/skeletons.anim.xml
20:43:56.04  ANIMATION (E): Failed to open file, line 0, column 0
20:43:56.04  ANIMATION (E): Can't load @Mortys-Weapons/Anims/cfg/skeletons.anim.xml
20:43:56.04  ANIMATION (E): Failed to open file, line 0, column 0
20:43:56.05  ANIMATION (E): Can't load @Knock-Knock-Zombies/Anims/cfg/skeletons.anim.xml
20:43:56.05  ANIMATION (E): Failed to open file, line 0, column 0
20:43:56.05  ANIMATION (E): Can't load @Furniture/Anims/cfg/skeletons.anim.xml
20:43:56.05  ANIMATION (E): Failed to open file, line 0, column 0
20:43:56.05  ANIMATION (E): Can't load @Early-Winter-or-late-Fall-in-Chernarus/Anims/cfg/skeletons.anim.xml
20:43:56.06  ANIMATION (E): Failed to open file, line 0, column 0
20:43:56.06  ANIMATION (E): Can't load @Building-Fortifications/Anims/cfg/skeletons.anim.xml
20:43:56.06  ANIMATION (E): Failed to open file, line 0, column 0
20:43:56.06  ANIMATION (E): Can't load @VPPAdminTools/Anims/cfg/skeletons.anim.xml
20:43:56.06  ANIMATION (E): Failed to open file, line 0, column 0
20:43:56.06  ANIMATION (E): Can't load @DayZ-Editor-Loader/Anims/cfg/skeletons.anim.xml
20:43:56.07  ANIMATION (E): Failed to open file, line 0, column 0
20:43:56.07  ANIMATION (E): Can't load @DayZ-Expansion-Licensed/Anims/cfg/skeletons.anim.xml
20:43:56.07  ANIMATION (E): Failed to open file, line 0, column 0
20:43:56.07  ANIMATION (E): Can't load @Zens-Core-Mod/Anims/cfg/skeletons.anim.xml
20:43:56.07  ANIMATION (E): Failed to open file, line 0, column 0
20:43:56.07  ANIMATION (E): Can't load @Dabs-Framework/Anims/cfg/skeletons.anim.xml
20:43:56.08  ANIMATION (E): Failed to open file, line 0, column 0
20:43:56.08  ANIMATION (E): Can't load @CF/Anims/cfg/skeletons.anim.xml
20:43:56.08  ANIMATION (E): Failed to open file, line 0, column 0
20:43:56.08  ANIMATION (E): Can't load sakhal/Anims/cfg/skeletons.anim.xml
20:43:56.09  ANIMATION (E): Failed to open file, line 0, column 0
20:44:02.924 SCRIPT    (W): @"Furniture/scripts/4_World/actions\srp_actiondemountfurniture.c,51": Missing ';' at the end of line
20:44:02.926 SCRIPT    (W): @"Furniture/scripts/4_World/actions\srp_actionremovegarbage.c,37": Missing ';' at the end of line
20:44:03.110 SCRIPT    (W): @"Furniture/scripts/4_World/entities\srp_openablefurniturebase.c,168": FIX-ME: Overriding function 'GetPlaceSoundset' but not marked as 'override'
20:44:03.111 SCRIPT    (W): @"Furniture/scripts/4_World/entities\srp_openablefurniturebase.c,173": FIX-ME: Overriding function 'GetDeploySoundset' but not marked as 'override'
20:44:08.151 SCRIPT    (W): @"KnockKnockZombies/scripts/4_World/player.c,66": FIX-ME: Unsafe down-casting, use 'PlayerBase.Cast' for safe down-casting
20:44:08.152 SCRIPT    (W): @"KnockKnockZombies/scripts/4_World/player.c,70": FIX-ME: Unsafe down-casting, use 'PlayerBase.Cast' for safe down-casting
20:44:08.152 SCRIPT    (W): @"KnockKnockZombies/scripts/4_World/player.c,74": FIX-ME: Unsafe down-casting, use 'PlayerBase.Cast' for safe down-casting
20:44:18.308 Hostname of server: "Bullzed-Test"
20:44:20.324 NETWORK      : Network simulation
20:44:20.325  Loading landscape 'chernarusplus'
20:44:20.325   WORLD        : Create entity type 'Land_power_pole_conc1_amp'
20:44:20.325    ENTITY    (E): Type 'HouseType' must be inherited from class 'PASReceiverType'
20:44:20.710   ENTITY       : Load entity type 'Land_Mil_Barracks5'
20:44:20.711    ENTITY    (W): Door 'DoorsTwin1' is missing geometry components for selection 'DoorsTwin1', check model+config
20:44:20.716   WORLD        : Create entity type 'Land_radio_panelpas'
20:44:20.716    ENTITY    (E): Type 'HouseType' must be inherited from class 'PASBroadcasterType'
20:44:20.765   ENTITY       : Load entity type 'Land_Prison_Side'
20:44:20.766    ENTITY    (W): Door 'DoorsTwin1' is missing geometry components for selection 'DoorsTwin1', check model+config
20:44:20.766    ENTITY    (W): Door 'DoorsTwin2' is missing geometry components for selection 'DoorsTwin2', check model+config
20:44:20.766    ENTITY    (W): Door 'DoorsTwin3' is missing geometry components for selection 'DoorsTwin3', check model+config
20:44:20.767    ENTITY    (W): Door 'DoorsTwin4' is missing geometry components for selection 'DoorsTwin4', check model+config
20:44:20.767    ENTITY    (W): Door 'DoorsTwin5' is missing geometry components for selection 'DoorsTwin5', check model+config
20:44:20.767    ENTITY    (W): Door 'DoorsTwin6' is missing geometry components for selection 'DoorsTwin6', check model+config
20:44:20.768    ENTITY    (W): Door 'DoorsTwin7' is missing geometry components for selection 'DoorsTwin7', check model+config
20:44:20.768    ENTITY    (W): Door 'DoorsTwin8' is missing geometry components for selection 'DoorsTwin8', check model+config
20:44:20.816   WORLD        : Create entity type 'Land_power_pole_wood1_amp'
20:44:20.816    ENTITY    (E): Type 'HouseType' must be inherited from class 'PASReceiverType'
20:44:20.838   ENTITY       : Load entity type 'Land_Container_1Mo'
20:44:20.838    ENTITY    (W): Door 'DoorsTwin1' is missing geometry components for selection 'DoorsTwin1', check model+config
20:44:20.838    ENTITY    (W): Door 'DoorsTwin2' is missing geometry components for selection 'DoorsTwin2', check model+config
20:44:20.839   ENTITY       : Load entity type 'Land_Workshop3'
20:44:20.840    ENTITY    (W): Door 'DoorsTwin1' is missing geometry components for selection 'DoorsTwin1', check model+config
20:44:20.840    ENTITY    (W): Door 'DoorsTwin2' is missing geometry components for selection 'DoorsTwin2', check model+config
20:44:20.883   WORLD        : Create entity type 'Land_lamp_city1_amp'
20:44:20.883    ENTITY    (E): Type 'HouseType' must be inherited from class 'PASReceiverType'
20:44:20.935   ENTITY       : Load entity type 'Land_Workshop1'
20:44:20.935    ENTITY    (W): Door 'DoorsTwin1' is missing geometry components for selection 'DoorsTwin1', check model+config
20:44:21.31    ENTITY       : Load entity type 'Land_Wall_Gate_FenG_Big'
20:44:21.31     ENTITY    (W): Door 'DoorsTwin1' is missing geometry components for selection 'DoorsTwin1', check model+config
20:44:21.70    ENTITY       : Load entity type 'Land_Wreck_sed01_aban1_white'
20:44:21.71     ENTITY    (W): Door 'Doors3' is missing geometry components for selection 'Doors3', check model+config
20:44:21.72    ENTITY       : Load entity type 'Land_Wreck_hb02_aban1_blue'
20:44:21.72     ENTITY    (W): Door 'Doors3' is missing geometry components for selection 'Doors3', check model+config
20:44:21.73    ENTITY       : Load entity type 'Land_House_2W03_Brown'
20:44:21.73     ENTITY    (W): Door 'DoorsTwin1' is missing geometry components for selection 'DoorsTwin1', check model+config
20:44:21.75    ENTITY       : Load entity type 'Land_House_2W03'
20:44:21.75     ENTITY    (W): Door 'DoorsTwin1' is missing geometry components for selection 'DoorsTwin1', check model+config
20:44:21.103   ENTITY       : Load entity type 'Land_Wall_Gate_FenR_Big'
20:44:21.104    ENTITY    (W): Door 'DoorsTwin1' is missing geometry components for selection 'DoorsTwin1', check model+config
20:44:21.105   ENTITY       : Load entity type 'Land_Wreck_sed02_aban1_yellow'
20:44:21.106    ENTITY    (W): Door 'Doors1' is missing geometry components for selection 'Doors1', check model+config
20:44:21.106    ENTITY    (W): Door 'Doors2' is missing geometry components for selection 'Doors2', check model+config
20:44:21.106    ENTITY    (W): Door 'Doors3' is missing geometry components for selection 'Doors3', check model+config
20:44:21.208   ENTITY       : Load entity type 'Land_Wall_Gate_FenR_Big_Open'
20:44:21.208    ENTITY    (W): Door 'DoorsTwin1' is missing geometry components for selection 'DoorsTwin1', check model+config
20:44:21.262   WORLD        : Create entity type 'Land_power_pole_wood1_lamp_amp'
20:44:21.263    ENTITY    (E): Type 'HouseType' must be inherited from class 'PASReceiverType'
20:44:21.303   ENTITY       : Load entity type 'Land_Church2_2'
20:44:21.304    ENTITY    (W): Door 'DoorsTwin1' is missing geometry components for selection 'DoorsTwin1', check model+config
20:44:21.402   ENTITY       : Load entity type 'Land_Wreck_sed01_aban2_wine'
20:44:21.403    ENTITY    (W): Door 'Doors3' is missing geometry components for selection 'Doors3', check model+config
20:44:21.453   ENTITY       : Load entity type 'Land_Wreck_sed01_aban2_white'
20:44:21.454    ENTITY    (W): Door 'Doors3' is missing geometry components for selection 'Doors3', check model+config
20:44:21.457   ENTITY       : Load entity type 'Land_Tenement_Small'
20:44:21.458    ENTITY    (W): Unknown object class 'thing' (dz\structures\furniture\eletrical_appliances\washing_machine\washing_machine.p3d)
20:44:21.458    ENTITY    (W): Unknown object class 'thing' (dz\structures\furniture\eletrical_appliances\washing_machine\washing_machine.p3d)
20:44:21.458    ENTITY    (W): Unknown object class 'thing' (dz\structures\furniture\eletrical_appliances\washing_machine\washing_machine.p3d)
20:44:21.459    ENTITY    (W): Unknown object class 'thing' (dz\structures\furniture\eletrical_appliances\washing_machine\washing_machine.p3d)
20:44:21.459    ENTITY    (W): Unknown object class 'thing' (dz\structures\furniture\eletrical_appliances\washing_machine\washing_machine.p3d)
20:44:21.459    ENTITY    (W): Unknown object class 'thing' (dz\structures\furniture\eletrical_appliances\washing_machine\washing_machine.p3d)
20:44:21.460    ENTITY    (W): Unknown object class 'thing' (dz\structures\furniture\eletrical_appliances\washing_machine\washing_machine.p3d)
20:44:21.548   ENTITY       : Load entity type 'Land_Tenement_Big'
20:44:21.548    ENTITY    (W): Unknown object class 'thing' (dz\structures\furniture\eletrical_appliances\washing_machine\washing_machine.p3d)
20:44:21.548    ENTITY    (W): Unknown object class 'thing' (dz\structures\furniture\eletrical_appliances\washing_machine\washing_machine.p3d)
20:44:21.549    ENTITY    (W): Unknown object class 'thing' (dz\structures\furniture\eletrical_appliances\washing_machine\washing_machine.p3d)
20:44:21.550    ENTITY    (W): Unknown object class 'thing' (dz\structures\furniture\eletrical_appliances\washing_machine\washing_machine.p3d)
20:44:21.550    ENTITY    (W): Unknown object class 'thing' (dz\structures\furniture\eletrical_appliances\washing_machine\washing_machine.p3d)
20:44:21.551    ENTITY    (W): Unknown object class 'thing' (dz\structures\furniture\eletrical_appliances\washing_machine\washing_machine.p3d)
20:44:21.552    ENTITY    (W): Unknown object class 'thing' (dz\structures\furniture\eletrical_appliances\washing_machine\washing_machine.p3d)
20:44:21.553    ENTITY    (W): Unknown object class 'thing' (dz\structures\furniture\eletrical_appliances\washing_machine\washing_machine.p3d)
20:44:21.553    ENTITY    (W): Unknown object class 'thing' (dz\structures\furniture\eletrical_appliances\washing_machine\washing_machine.p3d)
20:44:21.616   ENTITY       : Load entity type 'Land_City_Store'
20:44:21.617    ENTITY    (W): Door 'DoorsTwin1' is missing geometry components for selection 'DoorsTwin1', check model+config
20:44:21.617    ENTITY    (W): Door 'DoorsTwin2' is missing geometry components for selection 'DoorsTwin2', check model+config
20:44:21.618    ENTITY    (W): Door 'DoorsTwin3' is missing geometry components for selection 'DoorsTwin3', check model+config
20:44:21.618    ENTITY    (W): Door 'DoorsTwin4' is missing geometry components for selection 'DoorsTwin4', check model+config
20:44:21.618    ENTITY    (W): Door 'DoorsTwin5' is missing geometry components for selection 'DoorsTwin5', check model+config
20:44:21.621   ENTITY       : Load entity type 'Land_Wreck_sed01_aban2_black'
20:44:21.621    ENTITY    (W): Door 'Doors3' is missing geometry components for selection 'Doors3', check model+config
20:44:21.629   ENTITY       : Load entity type 'Land_Wreck_sed01_aban1_black'
20:44:21.629    ENTITY    (W): Door 'Doors3' is missing geometry components for selection 'Doors3', check model+config
20:44:21.630   ENTITY       : Load entity type 'Land_Wreck_sed02_aban1_red'
20:44:21.630    ENTITY    (W): Door 'Doors1' is missing geometry components for selection 'Doors1', check model+config
20:44:21.630    ENTITY    (W): Door 'Doors2' is missing geometry components for selection 'Doors2', check model+config
20:44:21.631    ENTITY    (W): Door 'Doors3' is missing geometry components for selection 'Doors3', check model+config
20:44:21.717   ENTITY       : Load entity type 'Land_Wreck_hb01_aban1_blue'
20:44:21.717    ENTITY    (W): Door 'Doors1' is missing geometry components for selection 'Doors1', check model+config
20:44:21.717    ENTITY    (W): Door 'Doors2' is missing geometry components for selection 'Doors2', check model+config
20:44:21.719   ENTITY       : Load entity type 'Land_City_School'
20:44:21.719    ENTITY    (W): Door 'DoorsTwin1' is missing geometry components for selection 'DoorsTwin1', check model+config
20:44:21.719    ENTITY    (W): Door 'DoorsTwin3' is missing geometry components for selection 'DoorsTwin3', check model+config
20:44:21.719    ENTITY    (W): Door 'DoorsTwin4' is missing geometry components for selection 'DoorsTwin4', check model+config
20:44:21.720    ENTITY    (W): Door 'DoorsTwin5' is missing geometry components for selection 'DoorsTwin5', check model+config
20:44:21.720    ENTITY    (W): Door 'DoorsTwin6' is missing geometry components for selection 'DoorsTwin6', check model+config
20:44:21.720    ENTITY    (W): Door 'DoorsTwin7' is missing geometry components for selection 'DoorsTwin7', check model+config
20:44:21.726    ENTITY    (W): Unknown object class 'thing' (dz\structures\proxy_buildingparts\lightningcond\lightningconductormiddle\lightningconductormiddle.p3d)
20:44:21.726    ENTITY    (W): Unknown object class 'thing' (dz\structures\proxy_buildingparts\lightningcond\lightningconductormiddle\lightningconductormiddle.p3d)
20:44:21.727    ENTITY    (W): Unknown object class 'thing' (dz\structures\proxy_buildingparts\lightningcond\lightningconductormiddle\lightningconductormiddle.p3d)
20:44:21.727    ENTITY    (W): Unknown object class 'thing' (dz\structures\proxy_buildingparts\lightningcond\lightningconductormiddle\lightningconductormiddle.p3d)
20:44:21.727    ENTITY    (W): Unknown object class 'thing' (dz\structures\proxy_buildingparts\lightningcond\lightningconductormiddle\lightningconductormiddle.p3d)
20:44:21.727    ENTITY    (W): Unknown object class 'thing' (dz\structures\proxy_buildingparts\lightningcond\lightningconductormiddle\lightningconductormiddle.p3d)
20:44:21.727    ENTITY    (W): Unknown object class 'thing' (dz\structures\proxy_buildingparts\lightningcond\lightningconductormiddle\lightningconductormiddle.p3d)
20:44:21.728    ENTITY    (W): Unknown object class 'thing' (dz\structures\proxy_buildingparts\lightningcond\lightningconductormiddle\lightningconductormiddle.p3d)
20:44:21.728    ENTITY    (W): Unknown object class 'thing' (dz\structures\proxy_buildingparts\lightningcond\lightningconductormiddle\lightningconductormiddle.p3d)
20:44:21.728    ENTITY    (W): Unknown object class 'thing' (dz\structures\proxy_buildingparts\lightningcond\lightningconductormiddle\lightningconductormiddle.p3d)
20:44:21.728    ENTITY    (W): Unknown object class 'thing' (dz\structures\proxy_buildingparts\lightningcond\lightningconductormiddle\lightningconductormiddle.p3d)
20:44:21.729    ENTITY    (W): Unknown object class 'thing' (dz\structures\proxy_buildingparts\lightningcond\lightningconductormiddle\lightningconductormiddle.p3d)
20:44:21.729    ENTITY    (W): Unknown object class 'thing' (dz\structures\proxy_buildingparts\lightningcond\lightningconductormiddle\lightningconductormiddle.p3d)
20:44:21.729    ENTITY    (W): Unknown object class 'thing' (dz\structures\proxy_buildingparts\lightningcond\lightningconductormiddle\lightningconductormiddle.p3d)
20:44:21.729    ENTITY    (W): Unknown object class 'thing' (dz\structures\proxy_buildingparts\lightningcond\lightningconductormiddle\lightningconductormiddle.p3d)
20:44:21.730    ENTITY    (W): Unknown object class 'thing' (dz\structures\proxy_buildingparts\lightningcond\lightningconductormiddle\lightningconductormiddle.p3d)
20:44:21.730    ENTITY    (W): Unknown object class 'thing' (dz\structures\proxy_buildingparts\lightningcond\lightningconductormiddle\lightningconductormiddle.p3d)
20:44:21.730    ENTITY    (W): Unknown object class 'thing' (dz\structures\proxy_buildingparts\lightningcond\lightningconductormiddle\lightningconductormiddle.p3d)
20:44:21.730    ENTITY    (W): Unknown object class 'thing' (dz\structures\proxy_buildingparts\lightningcond\lightningconductormiddle\lightningconductormiddle.p3d)
20:44:21.730    ENTITY    (W): Unknown object class 'thing' (dz\structures\proxy_buildingparts\lightningcond\lightningconductormiddle\lightningconductormiddle.p3d)
20:44:21.731    ENTITY    (W): Unknown object class 'thing' (dz\structures\proxy_buildingparts\lightningcond\lightningconductormiddle\lightningconductormiddle.p3d)
20:44:21.731    ENTITY    (W): Unknown object class 'thing' (dz\structures\proxy_buildingparts\lightningcond\lightningconductormiddle\lightningconductormiddle.p3d)
20:44:21.731    ENTITY    (W): Unknown object class 'thing' (dz\structures\proxy_buildingparts\lightningcond\lightningconductormiddle\lightningconductormiddle.p3d)
20:44:21.731    ENTITY    (W): Unknown object class 'thing' (dz\structures\proxy_buildingparts\lightningcond\lightningconductormiddle\lightningconductormiddle.p3d)
20:44:21.732    ENTITY    (W): Unknown object class 'thing' (dz\structures\proxy_buildingparts\lightningcond\lightningconductormiddle\lightningconductormiddle.p3d)
20:44:21.732    ENTITY    (W): Unknown object class 'thing' (dz\structures\proxy_buildingparts\lightningcond\lightningconductormiddle\lightningconductormiddle.p3d)
20:44:21.732    ENTITY    (W): Unknown object class 'thing' (dz\structures\proxy_buildingparts\lightningcond\lightningconductormiddle\lightningconductormiddle.p3d)
20:44:21.732    ENTITY    (W): Unknown object class 'thing' (dz\structures\proxy_buildingparts\lightningcond\lightningconductormiddle\lightningconductormiddle.p3d)
20:44:21.732    ENTITY    (W): Unknown object class 'thing' (dz\structures\proxy_buildingparts\lightningcond\lightningconductormiddle\lightningconductormiddle.p3d)
20:44:21.733    ENTITY    (W): Unknown object class 'thing' (dz\structures\proxy_buildingparts\lightningcond\lightningconductormiddle\lightningconductormiddle.p3d)
20:44:21.733    ENTITY    (W): Unknown object class 'thing' (dz\structures\proxy_buildingparts\lightningcond\lightningconductormiddle\lightningconductormiddle.p3d)
20:44:21.733    ENTITY    (W): Unknown object class 'thing' (dz\structures\proxy_buildingparts\lightningcond\lightningconductormiddle\lightningconductormiddle.p3d)
20:44:21.733    ENTITY    (W): Unknown object class 'thing' (dz\structures\proxy_buildingparts\lightningcond\lightningconductormiddle\lightningconductormiddle.p3d)
20:44:21.734    ENTITY    (W): Unknown object class 'thing' (dz\structures\proxy_buildingparts\lightningcond\lightningconductormiddle\lightningconductormiddle.p3d)
20:44:21.734    ENTITY    (W): Unknown object class 'thing' (dz\structures\proxy_buildingparts\lightningcond\lightningconductormiddle\lightningconductormiddle.p3d)
20:44:21.734    ENTITY    (W): Unknown object class 'thing' (dz\structures\proxy_buildingparts\lightningcond\lightningconductormiddle\lightningconductormiddle.p3d)
20:44:21.734    ENTITY    (W): Unknown object class 'thing' (dz\structures\proxy_buildingparts\lightningcond\lightningconductormiddle\lightningconductormiddle.p3d)
20:44:21.734    ENTITY    (W): Unknown object class 'thing' (dz\structures\proxy_buildingparts\lightningcond\lightningconductormiddle\lightningconductormiddle.p3d)
20:44:21.734    ENTITY    (W): Unknown object class 'thing' (dz\structures\proxy_buildingparts\lightningcond\lightningconductormiddle\lightningconductormiddle.p3d)
20:44:21.734    ENTITY    (W): Unknown object class 'thing' (dz\structures\proxy_buildingparts\lightningcond\lightningconductormiddle\lightningconductormiddle.p3d)
20:44:21.734    ENTITY    (W): Unknown object class 'thing' (dz\structures\proxy_buildingparts\lightningcond\lightningconductormiddle\lightningconductormiddle.p3d)
20:44:21.735    ENTITY    (W): Unknown object class 'thing' (dz\structures\proxy_buildingparts\lightningcond\lightningconductormiddle\lightningconductormiddle.p3d)
20:44:21.735    ENTITY    (W): Unknown object class 'thing' (dz\structures\proxy_buildingparts\lightningcond\lightningconductormiddle\lightningconductormiddle.p3d)
20:44:21.735    ENTITY    (W): Unknown object class 'thing' (dz\structures\proxy_buildingparts\lightningcond\lightningconductormiddle\lightningconductormiddle.p3d)
20:44:21.735    ENTITY    (W): Unknown object class 'thing' (dz\structures\proxy_buildingparts\lightningcond\lightningconductormiddle\lightningconductormiddle.p3d)
20:44:21.735    ENTITY    (W): Unknown object class 'thing' (dz\structures\proxy_buildingparts\lightningcond\lightningconductormiddle\lightningconductormiddle.p3d)
20:44:21.736    ENTITY    (W): Unknown object class 'thing' (dz\structures\proxy_buildingparts\lightningcond\lightningconductormiddle\lightningconductormiddle.p3d)
20:44:21.736    ENTITY    (W): Unknown object class 'thing' (dz\structures\proxy_buildingparts\lightningcond\lightningconductormiddle\lightningconductormiddle.p3d)
20:44:21.736    ENTITY    (W): Unknown object class 'thing' (dz\structures\proxy_buildingparts\lightningcond\lightningconductormiddle\lightningconductormiddle.p3d)
20:44:21.736    ENTITY    (W): Unknown object class 'thing' (dz\structures\proxy_buildingparts\lightningcond\lightningconductormiddle\lightningconductormiddle.p3d)
20:44:21.736    ENTITY    (W): Unknown object class 'thing' (dz\structures\proxy_buildingparts\lightningcond\lightningconductormiddle\lightningconductormiddle.p3d)
20:44:21.839   ENTITY       : Load entity type 'Land_Garage_Row_Small'
20:44:21.839    ENTITY    (W): Door 'DoorsTwin1' is missing geometry components for selection 'DoorsTwin1', check model+config
20:44:21.839    ENTITY    (W): Door 'DoorsTwin2' is missing geometry components for selection 'DoorsTwin2', check model+config
20:44:21.840    ENTITY    (W): Door 'DoorsTwin3' is missing geometry components for selection 'DoorsTwin3', check model+config
20:44:21.876   ENTITY       : Load entity type 'Land_Wreck_sed02_aban1_grey'
20:44:21.876    ENTITY    (W): Door 'Doors1' is missing geometry components for selection 'Doors1', check model+config
20:44:21.876    ENTITY    (W): Door 'Doors2' is missing geometry components for selection 'Doors2', check model+config
20:44:21.877    ENTITY    (W): Door 'Doors3' is missing geometry components for selection 'Doors3', check model+config
20:44:21.883   ENTITY       : Load entity type 'Land_Wreck_hb01_aban1_white'
20:44:21.883    ENTITY    (W): Door 'Doors1' is missing geometry components for selection 'Doors1', check model+config
20:44:21.883    ENTITY    (W): Door 'Doors2' is missing geometry components for selection 'Doors2', check model+config
20:44:21.901   ENTITY       : Load entity type 'Land_Wreck_hb02_aban1_red'
20:44:21.901    ENTITY    (W): Door 'Doors3' is missing geometry components for selection 'Doors3', check model+config
20:44:21.938   ENTITY       : Load entity type 'Land_Wreck_hb01_aban2_green'
20:44:21.938    ENTITY    (W): Door 'Doors1' is missing geometry components for selection 'Doors1', check model+config
20:44:21.938    ENTITY    (W): Door 'Doors2' is missing geometry components for selection 'Doors2', check model+config
20:44:21.984   ENTITY       : Load entity type 'Land_HouseBlock_1F4'
20:44:21.984    ENTITY    (W): Door 'DoorsTwin1' is missing geometry components for selection 'DoorsTwin1', check model+config
20:44:21.985   ENTITY       : Load entity type 'Land_HouseBlock_2F8'
20:44:21.986    ENTITY    (W): Door 'DoorsTwin1' is missing geometry components for selection 'DoorsTwin1', check model+config
20:44:21.987   ENTITY       : Load entity type 'Land_HouseBlock_2F_Corner'
20:44:21.987    ENTITY    (W): Door 'DoorsTwin1' is missing geometry components for selection 'DoorsTwin1', check model+config
20:44:21.987    ENTITY    (W): Door 'DoorsTwin2' is missing geometry components for selection 'DoorsTwin2', check model+config
20:44:22.02    ENTITY       : Load entity type 'Land_House_2W02'
20:44:22.02     ENTITY    (W): Door 'DoorsTwin1' is missing geometry components for selection 'DoorsTwin1', check model+config
20:44:22.24    ENTITY       : Load entity type 'Land_HouseBlock_2F1'
20:44:22.24     ENTITY    (W): Door 'DoorsTwin1' is missing geometry components for selection 'DoorsTwin1', check model+config
20:44:22.25     ENTITY    (W): Door 'DoorsTwin2' is missing geometry components for selection 'DoorsTwin2', check model+config
20:44:22.27    ENTITY       : Load entity type 'Land_HouseBlock_2F2'
20:44:22.27     ENTITY    (W): Door 'DoorsTwin1' is missing geometry components for selection 'DoorsTwin1', check model+config
20:44:22.28     ENTITY    (W): Door 'DoorsTwin2' is missing geometry components for selection 'DoorsTwin2', check model+config
20:44:22.28     ENTITY    (W): Unknown object class 'thing' (dz\structures\furniture\eletrical_appliances\washing_machine\washing_machine.p3d)
20:44:22.28     ENTITY    (W): Unknown object class 'thing' (dz\structures\furniture\eletrical_appliances\washing_machine\washing_machine.p3d)
20:44:22.29     ENTITY    (W): Unknown object class 'thing' (dz\structures\furniture\eletrical_appliances\washing_machine\washing_machine.p3d)
20:44:22.45    ENTITY       : Load entity type 'Land_Garage_Small'
20:44:22.45     ENTITY    (W): Door 'DoorsTwin1' is missing geometry components for selection 'DoorsTwin1', check model+config
20:44:22.47    ENTITY       : Load entity type 'Land_HouseBlock_1F1'
20:44:22.47     ENTITY    (W): Unknown object class 'thing' (dz\structures\furniture\eletrical_appliances\washing_machine\washing_machine.p3d)
20:44:22.48     ENTITY    (W): Unknown object class 'thing' (dz\structures\furniture\eletrical_appliances\washing_machine\washing_machine.p3d)
20:44:22.48     ENTITY    (W): Unknown object class 'thing' (dz\structures\furniture\eletrical_appliances\washing_machine\washing_machine.p3d)
20:44:22.49    ENTITY       : Load entity type 'Land_House_2W04_Yellow'
20:44:22.49     ENTITY    (W): Door 'DoorsTwin1' is missing geometry components for selection 'DoorsTwin1', check model+config
20:44:22.78    ENTITY       : Load entity type 'Land_Church3'
20:44:22.78     ENTITY    (W): Door 'DoorsTwin1' is missing geometry components for selection 'DoorsTwin1', check model+config
20:44:22.146   ENTITY       : Load entity type 'Land_HouseBlock_3F_Corner1'
20:44:22.147    ENTITY    (W): Door 'DoorsTwin1' is missing geometry components for selection 'DoorsTwin1', check model+config
20:44:22.147    ENTITY    (W): Door 'DoorsTwin2' is missing geometry components for selection 'DoorsTwin2', check model+config
20:44:22.148    ENTITY    (W): Unknown object class 'thing' (dz\structures\furniture\eletrical_appliances\washing_machine\washing_machine.p3d)
20:44:22.149    ENTITY    (W): Unknown object class 'thing' (dz\structures\furniture\eletrical_appliances\washing_machine\washing_machine.p3d)
20:44:22.150    ENTITY    (W): Unknown object class 'thing' (dz\structures\furniture\eletrical_appliances\washing_machine\washing_machine.p3d)
20:44:22.151   ENTITY       : Load entity type 'Land_HouseBlock_3F2'
20:44:22.151    ENTITY    (W): Door 'DoorsTwin1' is missing geometry components for selection 'DoorsTwin1', check model+config
20:44:22.152    ENTITY    (W): Door 'DoorsTwin2' is missing geometry components for selection 'DoorsTwin2', check model+config
20:44:22.188   ENTITY       : Load entity type 'Land_Wreck_hb02_aban1_black'
20:44:22.189    ENTITY    (W): Door 'Doors3' is missing geometry components for selection 'Doors3', check model+config
20:44:22.190   ENTITY       : Load entity type 'Land_HouseBlock_2F6'
20:44:22.190    ENTITY    (W): Door 'DoorsTwin1' is missing geometry components for selection 'DoorsTwin1', check model+config
20:44:22.201   ENTITY       : Load entity type 'Land_Wreck_sed01_aban1_wine'
20:44:22.201    ENTITY    (W): Door 'Doors3' is missing geometry components for selection 'Doors3', check model+config
20:44:22.206   ENTITY       : Load entity type 'Land_Workshop4'
20:44:22.207    ENTITY    (W): Door 'DoorsTwin1' is missing geometry components for selection 'DoorsTwin1', check model+config
20:44:22.213   ENTITY       : Load entity type 'Land_Workshop2'
20:44:22.213    ENTITY    (W): Door 'DoorsTwin1' is missing geometry components for selection 'DoorsTwin1', check model+config
20:44:22.232   WORLD        : Create entity type 'Land_power_pole_conc4_lamp_amp'
20:44:22.232    ENTITY    (E): Type 'HouseType' must be inherited from class 'PASReceiverType'
20:44:22.248   ENTITY       : Load entity type 'Land_Wreck_sed02_aban2_red'
20:44:22.248    ENTITY    (W): Door 'Doors1' is missing geometry components for selection 'Doors1', check model+config
20:44:22.249    ENTITY    (W): Door 'Doors2' is missing geometry components for selection 'Doors2', check model+config
20:44:22.249    ENTITY    (W): Door 'Doors3' is missing geometry components for selection 'Doors3', check model+config
20:44:22.264   ENTITY       : Load entity type 'Land_HouseBlock_1F3'
20:44:22.265    ENTITY    (W): Door 'DoorsTwin1' is missing geometry components for selection 'DoorsTwin1', check model+config
20:44:22.313   ENTITY       : Load entity type 'Land_HouseBlock_2F4'
20:44:22.313    ENTITY    (W): Door 'DoorsTwin1' is missing geometry components for selection 'DoorsTwin1', check model+config
20:44:22.336   ENTITY       : Load entity type 'Land_HouseBlock_2F9'
20:44:22.336    ENTITY    (W): Door 'DoorsTwin1' is missing geometry components for selection 'DoorsTwin1', check model+config
20:44:22.349   ENTITY       : Load entity type 'Land_Wreck_sed02_aban2_yellow'
20:44:22.350    ENTITY    (W): Door 'Doors1' is missing geometry components for selection 'Doors1', check model+config
20:44:22.350    ENTITY    (W): Door 'Doors2' is missing geometry components for selection 'Doors2', check model+config
20:44:22.350    ENTITY    (W): Door 'Doors3' is missing geometry components for selection 'Doors3', check model+config
20:44:22.386   ENTITY       : Load entity type 'Land_Wreck_hb01_aban2_blue'
20:44:22.386    ENTITY    (W): Door 'Doors1' is missing geometry components for selection 'Doors1', check model+config
20:44:22.386    ENTITY    (W): Door 'Doors2' is missing geometry components for selection 'Doors2', check model+config
20:44:22.389   ENTITY       : Load entity type 'Land_Rail_Station_Big'
20:44:22.390    ENTITY    (W): Door 'DoorsTwin1' is missing geometry components for selection 'DoorsTwin1', check model+config
20:44:22.419   ENTITY       : Load entity type 'Land_Wall_Gate_FenG_Big_Open'
20:44:22.419    ENTITY    (W): Door 'DoorsTwin1' is missing geometry components for selection 'DoorsTwin1', check model+config
20:44:22.423   ENTITY       : Load entity type 'Land_City_PoliceStation'
20:44:22.423    ENTITY    (W): Door 'DoorsTwin1' is missing geometry components for selection 'DoorsTwin1', check model+config
20:44:22.424    ENTITY    (W): Door 'DoorsTwin2' is missing geometry components for selection 'DoorsTwin2', check model+config
20:44:22.424    ENTITY    (W): Door 'DoorsTwin3' is missing geometry components for selection 'DoorsTwin3', check model+config
20:44:22.475   ENTITY       : Load entity type 'Land_Wreck_sed02_aban2_grey'
20:44:22.476    ENTITY    (W): Door 'Doors1' is missing geometry components for selection 'Doors1', check model+config
20:44:22.476    ENTITY    (W): Door 'Doors2' is missing geometry components for selection 'Doors2', check model+config
20:44:22.476    ENTITY    (W): Door 'Doors3' is missing geometry components for selection 'Doors3', check model+config
20:44:22.486   ENTITY       : Load entity type 'Land_Garage_Row_Big'
20:44:22.486    ENTITY    (W): Door 'DoorsTwin1' is missing geometry components for selection 'DoorsTwin1', check model+config
20:44:22.486    ENTITY    (W): Door 'DoorsTwin2' is missing geometry components for selection 'DoorsTwin2', check model+config
20:44:22.487    ENTITY    (W): Door 'DoorsTwin3' is missing geometry components for selection 'DoorsTwin3', check model+config
20:44:22.487    ENTITY    (W): Door 'DoorsTwin4' is missing geometry components for selection 'DoorsTwin4', check model+config
20:44:22.511   ENTITY       : Load entity type 'Land_City_Hospital'
20:44:22.512    ENTITY    (W): Door 'DoorsTwin1' is missing geometry components for selection 'DoorsTwin1', check model+config
20:44:22.534   ENTITY       : Load entity type 'Land_Container_1Bo'
20:44:22.534    ENTITY    (W): Door 'DoorsTwin1' is missing geometry components for selection 'DoorsTwin1', check model+config
20:44:22.534    ENTITY    (W): Door 'DoorsTwin2' is missing geometry components for selection 'DoorsTwin2', check model+config
20:44:22.535   ENTITY       : Load entity type 'Land_City_Store_WithStairs'
20:44:22.536    ENTITY    (W): Door 'DoorsTwin1' is missing geometry components for selection 'DoorsTwin1', check model+config
20:44:22.536    ENTITY    (W): Door 'DoorsTwin2' is missing geometry components for selection 'DoorsTwin2', check model+config
20:44:22.536    ENTITY    (W): Door 'DoorsTwin3' is missing geometry components for selection 'DoorsTwin3', check model+config
20:44:22.536    ENTITY    (W): Door 'DoorsTwin4' is missing geometry components for selection 'DoorsTwin4', check model+config
20:44:22.536    ENTITY    (W): Door 'DoorsTwin5' is missing geometry components for selection 'DoorsTwin5', check model+config
20:44:22.559   ENTITY       : Load entity type 'Land_House_2W04'
20:44:22.559    ENTITY    (W): Door 'DoorsTwin1' is missing geometry components for selection 'DoorsTwin1', check model+config
20:44:22.601   ENTITY       : Load entity type 'Land_Office2'
20:44:22.601    ENTITY    (W): Door 'DoorsTwin1' is missing geometry components for selection 'DoorsTwin1', check model+config
20:44:22.601    ENTITY    (W): Door 'DoorsTwin2' is missing geometry components for selection 'DoorsTwin2', check model+config
20:44:22.601    ENTITY    (W): Door 'DoorsTwin3' is missing geometry components for selection 'DoorsTwin3', check model+config
20:44:22.602    ENTITY    (W): Door 'DoorsTwin4' is missing geometry components for selection 'DoorsTwin4', check model+config
20:44:22.602    ENTITY    (W): Door 'DoorsTwin5' is missing geometry components for selection 'DoorsTwin5', check model+config
20:44:22.657   ENTITY    (W): Unknown object class 'pond' (dz\water\ponds\pond_50x50.p3d)
20:44:22.778   ENTITY       : Load entity type 'Land_House_1W12_Brown'
20:44:22.778    ENTITY    (W): Unknown object class 'thing' (dz\structures\furniture\eletrical_appliances\washing_machine\washing_machine.p3d)
20:44:22.779    ENTITY    (W): Unknown object class 'thing' (dz\structures\furniture\eletrical_appliances\washing_machine\washing_machine.p3d)
20:44:22.779    ENTITY    (W): Unknown object class 'thing' (dz\structures\furniture\eletrical_appliances\washing_machine\washing_machine.p3d)
20:44:22.824   ENTITY       : Load entity type 'Land_House_1W08_Brown'
20:44:22.824    ENTITY    (W): Unknown object class 'thing' (dz\structures\furniture\eletrical_appliances\washing_machine\washing_machine.p3d)
20:44:22.825    ENTITY    (W): Unknown object class 'thing' (dz\structures\furniture\eletrical_appliances\washing_machine\washing_machine.p3d)
20:44:22.825    ENTITY    (W): Unknown object class 'thing' (dz\structures\furniture\eletrical_appliances\washing_machine\washing_machine.p3d)
20:44:22.972   ENTITY       : Load entity type 'Land_Wreck_hb01_aban2_white'
20:44:22.972    ENTITY    (W): Door 'Doors1' is missing geometry components for selection 'Doors1', check model+config
20:44:22.973    ENTITY    (W): Door 'Doors2' is missing geometry components for selection 'Doors2', check model+config
20:44:23.65    ENTITY       : Load entity type 'Land_Office1'
20:44:23.65     ENTITY    (W): Door 'DoorsTwin1' is missing geometry components for selection 'DoorsTwin1', check model+config
20:44:23.65     ENTITY    (W): Door 'DoorsTwin2' is missing geometry components for selection 'DoorsTwin2', check model+config
20:44:23.66     ENTITY    (W): Door 'DoorsTwin3' is missing geometry components for selection 'DoorsTwin3', check model+config
20:44:23.66     ENTITY    (W): Door 'DoorsTwin4' is missing geometry components for selection 'DoorsTwin4', check model+config
20:44:23.66     ENTITY    (W): Door 'DoorsTwin5' is missing geometry components for selection 'DoorsTwin5', check model+config
20:44:23.66     ENTITY    (W): Door 'DoorsTwin6' is missing geometry components for selection 'DoorsTwin6', check model+config
20:44:23.67     ENTITY    (W): Door 'DoorsTwin7' is missing geometry components for selection 'DoorsTwin7', check model+config
20:44:23.140   ENTITY       : Load entity type 'Land_Workshop5'
20:44:23.140    ENTITY    (W): Door 'DoorsTwin1' is missing geometry components for selection 'DoorsTwin1', check model+config
20:44:23.142   ENTITY       : Load entity type 'Land_Factory_Small'
20:44:23.142    ENTITY    (W): Door 'DoorsTwin1' is missing geometry components for selection 'DoorsTwin1', check model+config
20:44:23.142    ENTITY    (W): Door 'DoorsTwin2' is missing geometry components for selection 'DoorsTwin2', check model+config
20:44:23.304   ENTITY       : Load entity type 'Land_Wreck_hb01_aban1_green'
20:44:23.305    ENTITY    (W): Door 'Doors1' is missing geometry components for selection 'Doors1', check model+config
20:44:23.305    ENTITY    (W): Door 'Doors2' is missing geometry components for selection 'Doors2', check model+config
20:44:23.496   ENTITY       : Load entity type 'Land_Mil_Barracks3'
20:44:23.497    ENTITY    (W): Door 'DoorsTwin1' is missing geometry components for selection 'DoorsTwin1', check model+config
20:44:23.548   ENTITY       : Load entity type 'Land_wreck_truck01_aban2_firetruck'
20:44:23.548    ENTITY    (W): Door 'Doors2' is missing geometry components for selection 'Doors2', check model+config
20:44:23.548    ENTITY    (W): Door 'DoorsTwin1' is missing geometry components for selection 'DoorsTwin1', check model+config
20:44:23.548    ENTITY    (W): Door 'Doors5' is missing geometry components for selection 'Doors5', check model+config
20:44:23.549    ENTITY    (W): Door 'Doors6' is missing geometry components for selection 'Doors6', check model+config
20:44:23.549    ENTITY    (W): Door 'Doors7' is missing geometry components for selection 'Doors7', check model+config
20:44:23.549    ENTITY    (W): Door 'Doors8' is missing geometry components for selection 'Doors8', check model+config
20:44:23.549    ENTITY    (W): Door 'Doors9' is missing geometry components for selection 'Doors9', check model+config
20:44:23.551   ENTITY       : Load entity type 'Land_wreck_truck01_aban1_firetruck'
20:44:23.551    ENTITY    (W): Door 'Doors2' is missing geometry components for selection 'Doors2', check model+config
20:44:23.551    ENTITY    (W): Door 'DoorsTwin1' is missing geometry components for selection 'DoorsTwin1', check model+config
20:44:23.551    ENTITY    (W): Door 'Doors5' is missing geometry components for selection 'Doors5', check model+config
20:44:23.552    ENTITY    (W): Door 'Doors6' is missing geometry components for selection 'Doors6', check model+config
20:44:23.552    ENTITY    (W): Door 'Doors7' is missing geometry components for selection 'Doors7', check model+config
20:44:23.552    ENTITY    (W): Door 'Doors8' is missing geometry components for selection 'Doors8', check model+config
20:44:23.552    ENTITY    (W): Door 'Doors9' is missing geometry components for selection 'Doors9', check model+config
20:44:23.584   ENTITY       : Load entity type 'Land_Container_1Moh'
20:44:23.584    ENTITY    (W): Door 'DoorsTwin1' is missing geometry components for selection 'DoorsTwin1', check model+config
20:44:23.585   ENTITY       : Load entity type 'Land_Rail_Warehouse_Small'
20:44:23.585    ENTITY    (W): Door 'DoorsTwin1' is missing geometry components for selection 'DoorsTwin1', check model+config
20:44:23.585    ENTITY    (W): Door 'DoorsTwin2' is missing geometry components for selection 'DoorsTwin2', check model+config
20:44:23.594   ENTITY       : Load entity type 'Land_Container_1Aoh'
20:44:23.594    ENTITY    (W): Door 'DoorsTwin1' is missing geometry components for selection 'DoorsTwin1', check model+config
20:44:23.628   ENTITY       : Load entity type 'Land_Village_HealthCare'
20:44:23.629    ENTITY    (W): Door 'DoorsTwin1' is missing geometry components for selection 'DoorsTwin1', check model+config
20:44:23.629    ENTITY    (W): Door 'DoorsTwin2' is missing geometry components for selection 'DoorsTwin2', check model+config
20:44:24.12    ENTITY    (W): Unknown object class 'pond' (dz\water\ponds\pond_big_38_01.p3d)
20:44:24.12    ENTITY    (W): Unknown object class 'pond' (dz\water\ponds\pond_big_38_02.p3d)
20:44:24.399   ENTITY       : Load entity type 'Land_Farm_CowshedA'
20:44:24.400    ENTITY    (W): Door 'DoorsTwin1' is missing geometry components for selection 'DoorsTwin1', check model+config
20:44:24.400    ENTITY    (W): Door 'DoorsTwin2' is missing geometry components for selection 'DoorsTwin2', check model+config
20:44:24.401   ENTITY       : Load entity type 'Land_Farm_CowshedC'
20:44:24.402    ENTITY    (W): Door 'DoorsTwin1' is missing geometry components for selection 'DoorsTwin1', check model+config
20:44:24.480   ENTITY       : Load entity type 'Land_CementWorks_Hall2_Brick'
20:44:24.480    ENTITY    (W): Door 'DoorsTwin1' is missing geometry components for selection 'DoorsTwin1', check model+config
20:44:24.563   ENTITY       : Load entity type 'Land_Wreck_offroad02_aban2'
20:44:24.564    ENTITY    (W): Door 'Doors3' is missing geometry components for selection 'Doors3', check model+config
20:44:24.680   ENTITY       : Load entity type 'Land_Mil_Airfield_HQ'
20:44:24.680    ENTITY    (W): Door 'DoorsTwin1' is missing geometry components for selection 'DoorsTwin1', check model+config
20:44:24.731   ENTITY       : Load entity type 'Land_Mil_Barracks1'
20:44:24.731    ENTITY    (W): Door 'DoorsTwin1' is missing geometry components for selection 'DoorsTwin1', check model+config
20:44:24.815   ENTITY    (W): Unknown object class 'pond' (dz\water\ponds\pond_small_06.p3d)
20:44:24.838   WORLD        : Create entity type 'Land_radio_panelbig'
20:44:24.838    ENTITY    (E): Type 'HouseType' must be inherited from class 'StaticTransmitterType'
20:44:24.857   ENTITY       : Load entity type 'Land_Radio_building'
20:44:24.857    ENTITY    (W): Door 'DoorsTwin1' is missing geometry components for selection 'DoorsTwin1', check model+config
20:44:25.120   ENTITY    (W): Unknown object class 'pond' (dz\water\ponds\pond_50x50.p3d)
20:44:25.457   ENTITY    (W): Unknown object class 'pond' (dz\water\ponds\pond_50x50.p3d)
20:44:25.480   ENTITY    (W): Unknown object class 'pond' (dz\water\ponds\pond_50x50.p3d)
20:44:25.562   ENTITY       : Load entity type 'Land_Garage_Big'
20:44:25.563    ENTITY    (W): Door 'DoorsTwin1' is missing geometry components for selection 'DoorsTwin1', check model+config
20:44:25.606   ENTITY       : Load entity type 'Land_Tisy_HQ'
20:44:25.607    ENTITY    (W): Door 'DoorsTwin1' is missing geometry components for selection 'DoorsTwin1', check model+config
20:44:26.287   ENTITY    (W): Unknown object class 'pond' (dz\water\ponds\pond_small_20.p3d)
20:44:26.439   ENTITY    (W): Unknown object class 'pond' (dz\water\ponds\pond_small_02.p3d)
20:44:26.751   ENTITY       : Load entity type 'Land_HouseBlock_5F'
20:44:26.751    ENTITY    (W): Door 'DoorsTwin1' is missing geometry components for selection 'DoorsTwin1', check model+config
20:44:26.756   ENTITY       : Load entity type 'Land_Office_Municipal2'
20:44:26.756    ENTITY    (W): Door 'DoorsTwin1' is missing geometry components for selection 'DoorsTwin1', check model+config
20:44:43.508  SCRIPT    (E): @"$CurrentDir:mpmissions\dayzOffline.chernarusplus\init.c,266": Function 'Expansion_OnQuestCompletion' is marked as override, but there is no function with this name in the base class
20:44:43.516  SCRIPT    (E): Can't compile mission init script'!

$CurrentDir:mpmissions\dayzOffline.chernarusplus\init.c(266): Function 'Expansion_OnQuestCompletion' is marked as override, but there is no function with this name in the base class
20:58:01.418 [Disconnect]: Client 43083471 disconnecting
20:58:01.419 [Disconnect]: Client 43083471 early disconnect
20:59:00.911  ENTITY       : Load entity type 'Land_Wall_Gate_Tin6_2'
20:59:00.912   ENTITY    (W): Door 'DoorsTwin1' is missing geometry components for selection 'DoorsTwin1', check model+config
20:59:00.957  ENTITY       : CreatePhysics entity StaticObj_Wall_Tin_Pole:0
20:59:00.957   PHYSICS   (E): LODShape: 'dz\structures\walls\wall_tin_pole.p3d' was instanced with interaction layer 'CHARACTER' but now there is an attempt to load it with 'AI'. Likely mismatching 'physLayer' in Config/Named Property between .p3d shared across multiple entities.
20:59:00.962  ENTITY       : CreatePhysics entity StaticObj_Wall_Tin_Pole:0
20:59:00.969   PHYSICS   (E): LODShape: 'dz\structures\walls\wall_tin_pole.p3d' was instanced with interaction layer 'CHARACTER' but now there is an attempt to load it with 'AI'. Likely mismatching 'physLayer' in Config/Named Property between .p3d shared across multiple entities.
20:59:00.969  ENTITY       : CreatePhysics entity StaticObj_Wall_Tin_Pole:0
20:59:00.969   PHYSICS   (E): LODShape: 'dz\structures\walls\wall_tin_pole.p3d' was instanced with interaction layer 'CHARACTER' but now there is an attempt to load it with 'AI'. Likely mismatching 'physLayer' in Config/Named Property between .p3d shared across multiple entities.
20:59:01.25   ENTITY       : CreatePhysics entity StaticObj_Wall_Tin_Pole:0
20:59:01.25    PHYSICS   (E): LODShape: 'dz\structures\walls\wall_tin_pole.p3d' was instanced with interaction layer 'CHARACTER' but now there is an attempt to load it with 'AI'. Likely mismatching 'physLayer' in Config/Named Property between .p3d shared across multiple entities.
20:59:01.148 Mission script has no main function, player connect will stay disabled!
20:59:01.682 [Disconnect]: DisconnectPlayerFinish 43083471
20:59:01.682 [Disconnect]: Remove player info 43083471
20:59:05.493  --- Termination successfully completed --- 
