=====================================================================
== C:\SERVICES\ni13121453_1_SHARE\ftproot\dayzstandalone\DayZServer_x64.exe
== "C:\SERVICES\ni13121453_1_SHARE\ftproot\dayzstandalone\DayZServer_x64.exe" -ip=85.190.149.78 -port=10300 -cpuCount=4 -limitFPS=100 -config=serverDZ.cfg "-mod=@CF;@Dabs-Framework;@Zens-Core-Mod;@DayZ-Expansion-Licensed;@DayZ-Editor-Loader;@VPPAdminTools;@Building-Fortifications;@Early-Winter-or-late-Fall-in-Chernarus;@Furniture;@Knock-Knock-Zombies;@Mortys-Weapons;@Peek-Doors;@Quadleys-Tools-and-Melee-Weapons;@WindstridesClothingPack;@Zens-Lazy-Actions;@Zens-Skill-Perk-Tree;@Zens-Sleeping-Mod;@Zens-Repairable-Wells;@Zens-Zombie-Door-Bangers" -profiles=C:\SERVICES\ni13121453_1_SHARE\ftproot\dayzstandalone/config -BEPath=C:\SERVICES\ni13121453_1_SHARE\ftproot\dayzstandalone\battleye -nologs -freezecheck
=====================================================================
Exe timestamp: 2026/05/25 19:14:58
Current time:  2026/05/26 21:16:18
Version 1.29.162510
=====================================================================

21:16:18.04  ENGINE    (W): Process affinity forced to f
21:16:28.656 ENGINE    (W): No module info used, trying to identify -> 0x93BC0000
21:16:28.667 ENGINE    (W): Adjusting job system settings to have at least one job worker thread.
21:16:28.980 [Inputs] Loading inputs default "bin/constants.xml"
21:16:28.984 [Inputs] Loading inputs default "bin/specific.xml"
21:16:28.986 !!! [Inputs] Cannot load inputs default "", file does not exist
21:16:28.986 !!! [Inputs] Failed to load MODDED inputs - file name/ path invalid?
21:16:28.987 [Inputs] Loading inputs default "VPPAdminTools/data/modded_Inputs.xml"
21:16:28.991 [Inputs] Loading inputs default "WindstrideClothing/Inputs.xml"
21:16:28.995 [Inputs] Loading inputs default "ZenLazyAction/data/inputs.xml"
21:16:28.997 [Inputs] Loading inputs default "ZenSkills/data/inputs.xml"
21:16:29.00  [Inputs] Loading inputs cfg "C:\SERVICES\ni13121453_1_SHARE\ftproot\dayzstandalone/config\Users\Survivor\Server.core.xml"
21:16:29.14  [Inputs] Exporting inputs cfg "C:\SERVICES\ni13121453_1_SHARE\ftproot\dayzstandalone/config\Users\Survivor\Server.core.xml"
21:16:33.30  SCRIPT    (W): @"ZenRepairWells/scripts/3_game/zenwellsconfig.c,17": FIX-ME: Unexpected statement 'ref'
21:16:36.02  ANIMATION (E): Can't load @Zens-Zombie-Door-Bangers/Anims/cfg/skeletons.anim.xml
21:16:36.02  ANIMATION (E): Failed to open file, line 0, column 0
21:16:36.02  ANIMATION (E): Can't load @Zens-Repairable-Wells/Anims/cfg/skeletons.anim.xml
21:16:36.03  ANIMATION (E): Failed to open file, line 0, column 0
21:16:36.03  ANIMATION (E): Can't load @Zens-Sleeping-Mod/Anims/cfg/skeletons.anim.xml
21:16:36.04  ANIMATION (E): Failed to open file, line 0, column 0
21:16:36.04  ANIMATION (E): Can't load @Zens-Skill-Perk-Tree/Anims/cfg/skeletons.anim.xml
21:16:36.04  ANIMATION (E): Failed to open file, line 0, column 0
21:16:36.05  ANIMATION (E): Can't load @Zens-Lazy-Actions/Anims/cfg/skeletons.anim.xml
21:16:36.05  ANIMATION (E): Failed to open file, line 0, column 0
21:16:36.05  ANIMATION (E): Can't load @WindstridesClothingPack/Anims/cfg/skeletons.anim.xml
21:16:36.05  ANIMATION (E): Failed to open file, line 0, column 0
21:16:36.06  ANIMATION (E): Can't load @Quadleys-Tools-and-Melee-Weapons/Anims/cfg/skeletons.anim.xml
21:16:36.06  ANIMATION (E): Failed to open file, line 0, column 0
21:16:36.06  ANIMATION (E): Can't load @Peek-Doors/Anims/cfg/skeletons.anim.xml
21:16:36.07  ANIMATION (E): Failed to open file, line 0, column 0
21:16:36.07  ANIMATION (E): Can't load @Mortys-Weapons/Anims/cfg/skeletons.anim.xml
21:16:36.07  ANIMATION (E): Failed to open file, line 0, column 0
21:16:36.08  ANIMATION (E): Can't load @Knock-Knock-Zombies/Anims/cfg/skeletons.anim.xml
21:16:36.08  ANIMATION (E): Failed to open file, line 0, column 0
21:16:36.08  ANIMATION (E): Can't load @Furniture/Anims/cfg/skeletons.anim.xml
21:16:36.09  ANIMATION (E): Failed to open file, line 0, column 0
21:16:36.09  ANIMATION (E): Can't load @Early-Winter-or-late-Fall-in-Chernarus/Anims/cfg/skeletons.anim.xml
21:16:36.09  ANIMATION (E): Failed to open file, line 0, column 0
21:16:36.09  ANIMATION (E): Can't load @Building-Fortifications/Anims/cfg/skeletons.anim.xml
21:16:36.10  ANIMATION (E): Failed to open file, line 0, column 0
21:16:36.10  ANIMATION (E): Can't load @VPPAdminTools/Anims/cfg/skeletons.anim.xml
21:16:36.10  ANIMATION (E): Failed to open file, line 0, column 0
21:16:36.11  ANIMATION (E): Can't load @DayZ-Editor-Loader/Anims/cfg/skeletons.anim.xml
21:16:36.11  ANIMATION (E): Failed to open file, line 0, column 0
21:16:36.11  ANIMATION (E): Can't load @DayZ-Expansion-Licensed/Anims/cfg/skeletons.anim.xml
21:16:36.12  ANIMATION (E): Failed to open file, line 0, column 0
21:16:36.12  ANIMATION (E): Can't load @Zens-Core-Mod/Anims/cfg/skeletons.anim.xml
21:16:36.12  ANIMATION (E): Failed to open file, line 0, column 0
21:16:36.12  ANIMATION (E): Can't load @Dabs-Framework/Anims/cfg/skeletons.anim.xml
21:16:36.13  ANIMATION (E): Failed to open file, line 0, column 0
21:16:36.13  ANIMATION (E): Can't load @CF/Anims/cfg/skeletons.anim.xml
21:16:36.14  ANIMATION (E): Failed to open file, line 0, column 0
21:16:36.14  ANIMATION (E): Can't load sakhal/Anims/cfg/skeletons.anim.xml
21:16:36.14  ANIMATION (E): Failed to open file, line 0, column 0
21:16:43.542 SCRIPT    (W): @"Furniture/scripts/4_World/actions\srp_actiondemountfurniture.c,51": Missing ';' at the end of line
21:16:43.542 SCRIPT    (W): @"Furniture/scripts/4_World/actions\srp_actionremovegarbage.c,37": Missing ';' at the end of line
21:16:43.722 SCRIPT    (W): @"Furniture/scripts/4_World/entities\srp_openablefurniturebase.c,168": FIX-ME: Overriding function 'GetPlaceSoundset' but not marked as 'override'
21:16:43.722 SCRIPT    (W): @"Furniture/scripts/4_World/entities\srp_openablefurniturebase.c,173": FIX-ME: Overriding function 'GetDeploySoundset' but not marked as 'override'
21:16:48.287 SCRIPT    (W): @"KnockKnockZombies/scripts/4_World/player.c,66": FIX-ME: Unsafe down-casting, use 'PlayerBase.Cast' for safe down-casting
21:16:48.287 SCRIPT    (W): @"KnockKnockZombies/scripts/4_World/player.c,70": FIX-ME: Unsafe down-casting, use 'PlayerBase.Cast' for safe down-casting
21:16:48.287 SCRIPT    (W): @"KnockKnockZombies/scripts/4_World/player.c,74": FIX-ME: Unsafe down-casting, use 'PlayerBase.Cast' for safe down-casting
21:16:57.250 Hostname of server: "Bullzed-Test"
21:16:59.180 NETWORK      : Network simulation
21:16:59.180  Loading landscape 'chernarusplus'
21:16:59.180   WORLD        : Create entity type 'Land_power_pole_conc1_amp'
21:16:59.181    ENTITY    (E): Type 'HouseType' must be inherited from class 'PASReceiverType'
21:16:59.537   ENTITY       : Load entity type 'Land_Mil_Barracks5'
21:16:59.537    ENTITY    (W): Door 'DoorsTwin1' is missing geometry components for selection 'DoorsTwin1', check model+config
21:16:59.541   WORLD        : Create entity type 'Land_radio_panelpas'
21:16:59.541    ENTITY    (E): Type 'HouseType' must be inherited from class 'PASBroadcasterType'
21:16:59.592   ENTITY       : Load entity type 'Land_Prison_Side'
21:16:59.592    ENTITY    (W): Door 'DoorsTwin1' is missing geometry components for selection 'DoorsTwin1', check model+config
21:16:59.593    ENTITY    (W): Door 'DoorsTwin2' is missing geometry components for selection 'DoorsTwin2', check model+config
21:16:59.593    ENTITY    (W): Door 'DoorsTwin3' is missing geometry components for selection 'DoorsTwin3', check model+config
21:16:59.593    ENTITY    (W): Door 'DoorsTwin4' is missing geometry components for selection 'DoorsTwin4', check model+config
21:16:59.593    ENTITY    (W): Door 'DoorsTwin5' is missing geometry components for selection 'DoorsTwin5', check model+config
21:16:59.594    ENTITY    (W): Door 'DoorsTwin6' is missing geometry components for selection 'DoorsTwin6', check model+config
21:16:59.594    ENTITY    (W): Door 'DoorsTwin7' is missing geometry components for selection 'DoorsTwin7', check model+config
21:16:59.594    ENTITY    (W): Door 'DoorsTwin8' is missing geometry components for selection 'DoorsTwin8', check model+config
21:16:59.651   WORLD        : Create entity type 'Land_power_pole_wood1_amp'
21:16:59.651    ENTITY    (E): Type 'HouseType' must be inherited from class 'PASReceiverType'
21:16:59.680   ENTITY       : Load entity type 'Land_Container_1Mo'
21:16:59.681    ENTITY    (W): Door 'DoorsTwin1' is missing geometry components for selection 'DoorsTwin1', check model+config
21:16:59.681    ENTITY    (W): Door 'DoorsTwin2' is missing geometry components for selection 'DoorsTwin2', check model+config
21:16:59.682   ENTITY       : Load entity type 'Land_Workshop3'
21:16:59.683    ENTITY    (W): Door 'DoorsTwin1' is missing geometry components for selection 'DoorsTwin1', check model+config
21:16:59.683    ENTITY    (W): Door 'DoorsTwin2' is missing geometry components for selection 'DoorsTwin2', check model+config
21:16:59.723   WORLD        : Create entity type 'Land_lamp_city1_amp'
21:16:59.723    ENTITY    (E): Type 'HouseType' must be inherited from class 'PASReceiverType'
21:16:59.771   ENTITY       : Load entity type 'Land_Workshop1'
21:16:59.772    ENTITY    (W): Door 'DoorsTwin1' is missing geometry components for selection 'DoorsTwin1', check model+config
21:16:59.866   ENTITY       : Load entity type 'Land_Wall_Gate_FenG_Big'
21:16:59.866    ENTITY    (W): Door 'DoorsTwin1' is missing geometry components for selection 'DoorsTwin1', check model+config
21:16:59.913   ENTITY       : Load entity type 'Land_Wreck_sed01_aban1_white'
21:16:59.913    ENTITY    (W): Door 'Doors3' is missing geometry components for selection 'Doors3', check model+config
21:16:59.914   ENTITY       : Load entity type 'Land_Wreck_hb02_aban1_blue'
21:16:59.914    ENTITY    (W): Door 'Doors3' is missing geometry components for selection 'Doors3', check model+config
21:16:59.915   ENTITY       : Load entity type 'Land_House_2W03_Brown'
21:16:59.915    ENTITY    (W): Door 'DoorsTwin1' is missing geometry components for selection 'DoorsTwin1', check model+config
21:16:59.917   ENTITY       : Load entity type 'Land_House_2W03'
21:16:59.917    ENTITY    (W): Door 'DoorsTwin1' is missing geometry components for selection 'DoorsTwin1', check model+config
21:16:59.939   ENTITY       : Load entity type 'Land_Wall_Gate_FenR_Big'
21:16:59.940    ENTITY    (W): Door 'DoorsTwin1' is missing geometry components for selection 'DoorsTwin1', check model+config
21:16:59.941   ENTITY       : Load entity type 'Land_Wreck_sed02_aban1_yellow'
21:16:59.941    ENTITY    (W): Door 'Doors1' is missing geometry components for selection 'Doors1', check model+config
21:16:59.941    ENTITY    (W): Door 'Doors2' is missing geometry components for selection 'Doors2', check model+config
21:16:59.942    ENTITY    (W): Door 'Doors3' is missing geometry components for selection 'Doors3', check model+config
21:17:00.15    ENTITY       : Load entity type 'Land_Wall_Gate_FenR_Big_Open'
21:17:00.15     ENTITY    (W): Door 'DoorsTwin1' is missing geometry components for selection 'DoorsTwin1', check model+config
21:17:00.53    WORLD        : Create entity type 'Land_power_pole_wood1_lamp_amp'
21:17:00.53     ENTITY    (E): Type 'HouseType' must be inherited from class 'PASReceiverType'
21:17:00.91    ENTITY       : Load entity type 'Land_Church2_2'
21:17:00.91     ENTITY    (W): Door 'DoorsTwin1' is missing geometry components for selection 'DoorsTwin1', check model+config
21:17:00.160   ENTITY       : Load entity type 'Land_Wreck_sed01_aban2_wine'
21:17:00.160    ENTITY    (W): Door 'Doors3' is missing geometry components for selection 'Doors3', check model+config
21:17:00.204   ENTITY       : Load entity type 'Land_Wreck_sed01_aban2_white'
21:17:00.205    ENTITY    (W): Door 'Doors3' is missing geometry components for selection 'Doors3', check model+config
21:17:00.209   ENTITY       : Load entity type 'Land_Tenement_Small'
21:17:00.209    ENTITY    (W): Unknown object class 'thing' (dz\structures\furniture\eletrical_appliances\washing_machine\washing_machine.p3d)
21:17:00.209    ENTITY    (W): Unknown object class 'thing' (dz\structures\furniture\eletrical_appliances\washing_machine\washing_machine.p3d)
21:17:00.210    ENTITY    (W): Unknown object class 'thing' (dz\structures\furniture\eletrical_appliances\washing_machine\washing_machine.p3d)
21:17:00.211    ENTITY    (W): Unknown object class 'thing' (dz\structures\furniture\eletrical_appliances\washing_machine\washing_machine.p3d)
21:17:00.211    ENTITY    (W): Unknown object class 'thing' (dz\structures\furniture\eletrical_appliances\washing_machine\washing_machine.p3d)
21:17:00.211    ENTITY    (W): Unknown object class 'thing' (dz\structures\furniture\eletrical_appliances\washing_machine\washing_machine.p3d)
21:17:00.212    ENTITY    (W): Unknown object class 'thing' (dz\structures\furniture\eletrical_appliances\washing_machine\washing_machine.p3d)
21:17:00.296   ENTITY       : Load entity type 'Land_Tenement_Big'
21:17:00.296    ENTITY    (W): Unknown object class 'thing' (dz\structures\furniture\eletrical_appliances\washing_machine\washing_machine.p3d)
21:17:00.297    ENTITY    (W): Unknown object class 'thing' (dz\structures\furniture\eletrical_appliances\washing_machine\washing_machine.p3d)
21:17:00.297    ENTITY    (W): Unknown object class 'thing' (dz\structures\furniture\eletrical_appliances\washing_machine\washing_machine.p3d)
21:17:00.298    ENTITY    (W): Unknown object class 'thing' (dz\structures\furniture\eletrical_appliances\washing_machine\washing_machine.p3d)
21:17:00.299    ENTITY    (W): Unknown object class 'thing' (dz\structures\furniture\eletrical_appliances\washing_machine\washing_machine.p3d)
21:17:00.299    ENTITY    (W): Unknown object class 'thing' (dz\structures\furniture\eletrical_appliances\washing_machine\washing_machine.p3d)
21:17:00.300    ENTITY    (W): Unknown object class 'thing' (dz\structures\furniture\eletrical_appliances\washing_machine\washing_machine.p3d)
21:17:00.300    ENTITY    (W): Unknown object class 'thing' (dz\structures\furniture\eletrical_appliances\washing_machine\washing_machine.p3d)
21:17:00.301    ENTITY    (W): Unknown object class 'thing' (dz\structures\furniture\eletrical_appliances\washing_machine\washing_machine.p3d)
21:17:00.360   ENTITY       : Load entity type 'Land_City_Store'
21:17:00.361    ENTITY    (W): Door 'DoorsTwin1' is missing geometry components for selection 'DoorsTwin1', check model+config
21:17:00.361    ENTITY    (W): Door 'DoorsTwin2' is missing geometry components for selection 'DoorsTwin2', check model+config
21:17:00.362    ENTITY    (W): Door 'DoorsTwin3' is missing geometry components for selection 'DoorsTwin3', check model+config
21:17:00.362    ENTITY    (W): Door 'DoorsTwin4' is missing geometry components for selection 'DoorsTwin4', check model+config
21:17:00.362    ENTITY    (W): Door 'DoorsTwin5' is missing geometry components for selection 'DoorsTwin5', check model+config
21:17:00.364   ENTITY       : Load entity type 'Land_Wreck_sed01_aban2_black'
21:17:00.364    ENTITY    (W): Door 'Doors3' is missing geometry components for selection 'Doors3', check model+config
21:17:00.371   ENTITY       : Load entity type 'Land_Wreck_sed01_aban1_black'
21:17:00.371    ENTITY    (W): Door 'Doors3' is missing geometry components for selection 'Doors3', check model+config
21:17:00.372   ENTITY       : Load entity type 'Land_Wreck_sed02_aban1_red'
21:17:00.372    ENTITY    (W): Door 'Doors1' is missing geometry components for selection 'Doors1', check model+config
21:17:00.372    ENTITY    (W): Door 'Doors2' is missing geometry components for selection 'Doors2', check model+config
21:17:00.373    ENTITY    (W): Door 'Doors3' is missing geometry components for selection 'Doors3', check model+config
21:17:00.448   ENTITY       : Load entity type 'Land_Wreck_hb01_aban1_blue'
21:17:00.449    ENTITY    (W): Door 'Doors1' is missing geometry components for selection 'Doors1', check model+config
21:17:00.449    ENTITY    (W): Door 'Doors2' is missing geometry components for selection 'Doors2', check model+config
21:17:00.451   ENTITY       : Load entity type 'Land_City_School'
21:17:00.451    ENTITY    (W): Door 'DoorsTwin1' is missing geometry components for selection 'DoorsTwin1', check model+config
21:17:00.452    ENTITY    (W): Door 'DoorsTwin3' is missing geometry components for selection 'DoorsTwin3', check model+config
21:17:00.452    ENTITY    (W): Door 'DoorsTwin4' is missing geometry components for selection 'DoorsTwin4', check model+config
21:17:00.452    ENTITY    (W): Door 'DoorsTwin5' is missing geometry components for selection 'DoorsTwin5', check model+config
21:17:00.453    ENTITY    (W): Door 'DoorsTwin6' is missing geometry components for selection 'DoorsTwin6', check model+config
21:17:00.453    ENTITY    (W): Door 'DoorsTwin7' is missing geometry components for selection 'DoorsTwin7', check model+config
21:17:00.459    ENTITY    (W): Unknown object class 'thing' (dz\structures\proxy_buildingparts\lightningcond\lightningconductormiddle\lightningconductormiddle.p3d)
21:17:00.459    ENTITY    (W): Unknown object class 'thing' (dz\structures\proxy_buildingparts\lightningcond\lightningconductormiddle\lightningconductormiddle.p3d)
21:17:00.459    ENTITY    (W): Unknown object class 'thing' (dz\structures\proxy_buildingparts\lightningcond\lightningconductormiddle\lightningconductormiddle.p3d)
21:17:00.460    ENTITY    (W): Unknown object class 'thing' (dz\structures\proxy_buildingparts\lightningcond\lightningconductormiddle\lightningconductormiddle.p3d)
21:17:00.460    ENTITY    (W): Unknown object class 'thing' (dz\structures\proxy_buildingparts\lightningcond\lightningconductormiddle\lightningconductormiddle.p3d)
21:17:00.460    ENTITY    (W): Unknown object class 'thing' (dz\structures\proxy_buildingparts\lightningcond\lightningconductormiddle\lightningconductormiddle.p3d)
21:17:00.460    ENTITY    (W): Unknown object class 'thing' (dz\structures\proxy_buildingparts\lightningcond\lightningconductormiddle\lightningconductormiddle.p3d)
21:17:00.461    ENTITY    (W): Unknown object class 'thing' (dz\structures\proxy_buildingparts\lightningcond\lightningconductormiddle\lightningconductormiddle.p3d)
21:17:00.461    ENTITY    (W): Unknown object class 'thing' (dz\structures\proxy_buildingparts\lightningcond\lightningconductormiddle\lightningconductormiddle.p3d)
21:17:00.461    ENTITY    (W): Unknown object class 'thing' (dz\structures\proxy_buildingparts\lightningcond\lightningconductormiddle\lightningconductormiddle.p3d)
21:17:00.461    ENTITY    (W): Unknown object class 'thing' (dz\structures\proxy_buildingparts\lightningcond\lightningconductormiddle\lightningconductormiddle.p3d)
21:17:00.462    ENTITY    (W): Unknown object class 'thing' (dz\structures\proxy_buildingparts\lightningcond\lightningconductormiddle\lightningconductormiddle.p3d)
21:17:00.462    ENTITY    (W): Unknown object class 'thing' (dz\structures\proxy_buildingparts\lightningcond\lightningconductormiddle\lightningconductormiddle.p3d)
21:17:00.462    ENTITY    (W): Unknown object class 'thing' (dz\structures\proxy_buildingparts\lightningcond\lightningconductormiddle\lightningconductormiddle.p3d)
21:17:00.462    ENTITY    (W): Unknown object class 'thing' (dz\structures\proxy_buildingparts\lightningcond\lightningconductormiddle\lightningconductormiddle.p3d)
21:17:00.463    ENTITY    (W): Unknown object class 'thing' (dz\structures\proxy_buildingparts\lightningcond\lightningconductormiddle\lightningconductormiddle.p3d)
21:17:00.463    ENTITY    (W): Unknown object class 'thing' (dz\structures\proxy_buildingparts\lightningcond\lightningconductormiddle\lightningconductormiddle.p3d)
21:17:00.463    ENTITY    (W): Unknown object class 'thing' (dz\structures\proxy_buildingparts\lightningcond\lightningconductormiddle\lightningconductormiddle.p3d)
21:17:00.464    ENTITY    (W): Unknown object class 'thing' (dz\structures\proxy_buildingparts\lightningcond\lightningconductormiddle\lightningconductormiddle.p3d)
21:17:00.464    ENTITY    (W): Unknown object class 'thing' (dz\structures\proxy_buildingparts\lightningcond\lightningconductormiddle\lightningconductormiddle.p3d)
21:17:00.464    ENTITY    (W): Unknown object class 'thing' (dz\structures\proxy_buildingparts\lightningcond\lightningconductormiddle\lightningconductormiddle.p3d)
21:17:00.464    ENTITY    (W): Unknown object class 'thing' (dz\structures\proxy_buildingparts\lightningcond\lightningconductormiddle\lightningconductormiddle.p3d)
21:17:00.465    ENTITY    (W): Unknown object class 'thing' (dz\structures\proxy_buildingparts\lightningcond\lightningconductormiddle\lightningconductormiddle.p3d)
21:17:00.465    ENTITY    (W): Unknown object class 'thing' (dz\structures\proxy_buildingparts\lightningcond\lightningconductormiddle\lightningconductormiddle.p3d)
21:17:00.465    ENTITY    (W): Unknown object class 'thing' (dz\structures\proxy_buildingparts\lightningcond\lightningconductormiddle\lightningconductormiddle.p3d)
21:17:00.465    ENTITY    (W): Unknown object class 'thing' (dz\structures\proxy_buildingparts\lightningcond\lightningconductormiddle\lightningconductormiddle.p3d)
21:17:00.466    ENTITY    (W): Unknown object class 'thing' (dz\structures\proxy_buildingparts\lightningcond\lightningconductormiddle\lightningconductormiddle.p3d)
21:17:00.466    ENTITY    (W): Unknown object class 'thing' (dz\structures\proxy_buildingparts\lightningcond\lightningconductormiddle\lightningconductormiddle.p3d)
21:17:00.466    ENTITY    (W): Unknown object class 'thing' (dz\structures\proxy_buildingparts\lightningcond\lightningconductormiddle\lightningconductormiddle.p3d)
21:17:00.466    ENTITY    (W): Unknown object class 'thing' (dz\structures\proxy_buildingparts\lightningcond\lightningconductormiddle\lightningconductormiddle.p3d)
21:17:00.467    ENTITY    (W): Unknown object class 'thing' (dz\structures\proxy_buildingparts\lightningcond\lightningconductormiddle\lightningconductormiddle.p3d)
21:17:00.467    ENTITY    (W): Unknown object class 'thing' (dz\structures\proxy_buildingparts\lightningcond\lightningconductormiddle\lightningconductormiddle.p3d)
21:17:00.467    ENTITY    (W): Unknown object class 'thing' (dz\structures\proxy_buildingparts\lightningcond\lightningconductormiddle\lightningconductormiddle.p3d)
21:17:00.467    ENTITY    (W): Unknown object class 'thing' (dz\structures\proxy_buildingparts\lightningcond\lightningconductormiddle\lightningconductormiddle.p3d)
21:17:00.468    ENTITY    (W): Unknown object class 'thing' (dz\structures\proxy_buildingparts\lightningcond\lightningconductormiddle\lightningconductormiddle.p3d)
21:17:00.468    ENTITY    (W): Unknown object class 'thing' (dz\structures\proxy_buildingparts\lightningcond\lightningconductormiddle\lightningconductormiddle.p3d)
21:17:00.468    ENTITY    (W): Unknown object class 'thing' (dz\structures\proxy_buildingparts\lightningcond\lightningconductormiddle\lightningconductormiddle.p3d)
21:17:00.468    ENTITY    (W): Unknown object class 'thing' (dz\structures\proxy_buildingparts\lightningcond\lightningconductormiddle\lightningconductormiddle.p3d)
21:17:00.469    ENTITY    (W): Unknown object class 'thing' (dz\structures\proxy_buildingparts\lightningcond\lightningconductormiddle\lightningconductormiddle.p3d)
21:17:00.469    ENTITY    (W): Unknown object class 'thing' (dz\structures\proxy_buildingparts\lightningcond\lightningconductormiddle\lightningconductormiddle.p3d)
21:17:00.469    ENTITY    (W): Unknown object class 'thing' (dz\structures\proxy_buildingparts\lightningcond\lightningconductormiddle\lightningconductormiddle.p3d)
21:17:00.469    ENTITY    (W): Unknown object class 'thing' (dz\structures\proxy_buildingparts\lightningcond\lightningconductormiddle\lightningconductormiddle.p3d)
21:17:00.470    ENTITY    (W): Unknown object class 'thing' (dz\structures\proxy_buildingparts\lightningcond\lightningconductormiddle\lightningconductormiddle.p3d)
21:17:00.470    ENTITY    (W): Unknown object class 'thing' (dz\structures\proxy_buildingparts\lightningcond\lightningconductormiddle\lightningconductormiddle.p3d)
21:17:00.470    ENTITY    (W): Unknown object class 'thing' (dz\structures\proxy_buildingparts\lightningcond\lightningconductormiddle\lightningconductormiddle.p3d)
21:17:00.470    ENTITY    (W): Unknown object class 'thing' (dz\structures\proxy_buildingparts\lightningcond\lightningconductormiddle\lightningconductormiddle.p3d)
21:17:00.470    ENTITY    (W): Unknown object class 'thing' (dz\structures\proxy_buildingparts\lightningcond\lightningconductormiddle\lightningconductormiddle.p3d)
21:17:00.471    ENTITY    (W): Unknown object class 'thing' (dz\structures\proxy_buildingparts\lightningcond\lightningconductormiddle\lightningconductormiddle.p3d)
21:17:00.471    ENTITY    (W): Unknown object class 'thing' (dz\structures\proxy_buildingparts\lightningcond\lightningconductormiddle\lightningconductormiddle.p3d)
21:17:00.471    ENTITY    (W): Unknown object class 'thing' (dz\structures\proxy_buildingparts\lightningcond\lightningconductormiddle\lightningconductormiddle.p3d)
21:17:00.471    ENTITY    (W): Unknown object class 'thing' (dz\structures\proxy_buildingparts\lightningcond\lightningconductormiddle\lightningconductormiddle.p3d)
21:17:00.574   ENTITY       : Load entity type 'Land_Garage_Row_Small'
21:17:00.574    ENTITY    (W): Door 'DoorsTwin1' is missing geometry components for selection 'DoorsTwin1', check model+config
21:17:00.575    ENTITY    (W): Door 'DoorsTwin2' is missing geometry components for selection 'DoorsTwin2', check model+config
21:17:00.575    ENTITY    (W): Door 'DoorsTwin3' is missing geometry components for selection 'DoorsTwin3', check model+config
21:17:00.609   ENTITY       : Load entity type 'Land_Wreck_sed02_aban1_grey'
21:17:00.609    ENTITY    (W): Door 'Doors1' is missing geometry components for selection 'Doors1', check model+config
21:17:00.610    ENTITY    (W): Door 'Doors2' is missing geometry components for selection 'Doors2', check model+config
21:17:00.610    ENTITY    (W): Door 'Doors3' is missing geometry components for selection 'Doors3', check model+config
21:17:00.617   ENTITY       : Load entity type 'Land_Wreck_hb01_aban1_white'
21:17:00.617    ENTITY    (W): Door 'Doors1' is missing geometry components for selection 'Doors1', check model+config
21:17:00.617    ENTITY    (W): Door 'Doors2' is missing geometry components for selection 'Doors2', check model+config
21:17:00.634   ENTITY       : Load entity type 'Land_Wreck_hb02_aban1_red'
21:17:00.634    ENTITY    (W): Door 'Doors3' is missing geometry components for selection 'Doors3', check model+config
21:17:00.667   ENTITY       : Load entity type 'Land_Wreck_hb01_aban2_green'
21:17:00.667    ENTITY    (W): Door 'Doors1' is missing geometry components for selection 'Doors1', check model+config
21:17:00.667    ENTITY    (W): Door 'Doors2' is missing geometry components for selection 'Doors2', check model+config
21:17:00.708   ENTITY       : Load entity type 'Land_HouseBlock_1F4'
21:17:00.709    ENTITY    (W): Door 'DoorsTwin1' is missing geometry components for selection 'DoorsTwin1', check model+config
21:17:00.710   ENTITY       : Load entity type 'Land_HouseBlock_2F8'
21:17:00.710    ENTITY    (W): Door 'DoorsTwin1' is missing geometry components for selection 'DoorsTwin1', check model+config
21:17:00.711   ENTITY       : Load entity type 'Land_HouseBlock_2F_Corner'
21:17:00.711    ENTITY    (W): Door 'DoorsTwin1' is missing geometry components for selection 'DoorsTwin1', check model+config
21:17:00.712    ENTITY    (W): Door 'DoorsTwin2' is missing geometry components for selection 'DoorsTwin2', check model+config
21:17:00.728   ENTITY       : Load entity type 'Land_House_2W02'
21:17:00.729    ENTITY    (W): Door 'DoorsTwin1' is missing geometry components for selection 'DoorsTwin1', check model+config
21:17:00.747   ENTITY       : Load entity type 'Land_HouseBlock_2F1'
21:17:00.747    ENTITY    (W): Door 'DoorsTwin1' is missing geometry components for selection 'DoorsTwin1', check model+config
21:17:00.747    ENTITY    (W): Door 'DoorsTwin2' is missing geometry components for selection 'DoorsTwin2', check model+config
21:17:00.749   ENTITY       : Load entity type 'Land_HouseBlock_2F2'
21:17:00.750    ENTITY    (W): Door 'DoorsTwin1' is missing geometry components for selection 'DoorsTwin1', check model+config
21:17:00.750    ENTITY    (W): Door 'DoorsTwin2' is missing geometry components for selection 'DoorsTwin2', check model+config
21:17:00.750    ENTITY    (W): Unknown object class 'thing' (dz\structures\furniture\eletrical_appliances\washing_machine\washing_machine.p3d)
21:17:00.751    ENTITY    (W): Unknown object class 'thing' (dz\structures\furniture\eletrical_appliances\washing_machine\washing_machine.p3d)
21:17:00.751    ENTITY    (W): Unknown object class 'thing' (dz\structures\furniture\eletrical_appliances\washing_machine\washing_machine.p3d)
21:17:00.768   ENTITY       : Load entity type 'Land_Garage_Small'
21:17:00.768    ENTITY    (W): Door 'DoorsTwin1' is missing geometry components for selection 'DoorsTwin1', check model+config
21:17:00.770   ENTITY       : Load entity type 'Land_HouseBlock_1F1'
21:17:00.770    ENTITY    (W): Unknown object class 'thing' (dz\structures\furniture\eletrical_appliances\washing_machine\washing_machine.p3d)
21:17:00.770    ENTITY    (W): Unknown object class 'thing' (dz\structures\furniture\eletrical_appliances\washing_machine\washing_machine.p3d)
21:17:00.771    ENTITY    (W): Unknown object class 'thing' (dz\structures\furniture\eletrical_appliances\washing_machine\washing_machine.p3d)
21:17:00.772   ENTITY       : Load entity type 'Land_House_2W04_Yellow'
21:17:00.772    ENTITY    (W): Door 'DoorsTwin1' is missing geometry components for selection 'DoorsTwin1', check model+config
21:17:00.800   ENTITY       : Load entity type 'Land_Church3'
21:17:00.801    ENTITY    (W): Door 'DoorsTwin1' is missing geometry components for selection 'DoorsTwin1', check model+config
21:17:00.860   ENTITY       : Load entity type 'Land_HouseBlock_3F_Corner1'
21:17:00.861    ENTITY    (W): Door 'DoorsTwin1' is missing geometry components for selection 'DoorsTwin1', check model+config
21:17:00.861    ENTITY    (W): Door 'DoorsTwin2' is missing geometry components for selection 'DoorsTwin2', check model+config
21:17:00.862    ENTITY    (W): Unknown object class 'thing' (dz\structures\furniture\eletrical_appliances\washing_machine\washing_machine.p3d)
21:17:00.862    ENTITY    (W): Unknown object class 'thing' (dz\structures\furniture\eletrical_appliances\washing_machine\washing_machine.p3d)
21:17:00.863    ENTITY    (W): Unknown object class 'thing' (dz\structures\furniture\eletrical_appliances\washing_machine\washing_machine.p3d)
21:17:00.865   ENTITY       : Load entity type 'Land_HouseBlock_3F2'
21:17:00.865    ENTITY    (W): Door 'DoorsTwin1' is missing geometry components for selection 'DoorsTwin1', check model+config
21:17:00.865    ENTITY    (W): Door 'DoorsTwin2' is missing geometry components for selection 'DoorsTwin2', check model+config
21:17:00.898   ENTITY       : Load entity type 'Land_Wreck_hb02_aban1_black'
21:17:00.898    ENTITY    (W): Door 'Doors3' is missing geometry components for selection 'Doors3', check model+config
21:17:00.899   ENTITY       : Load entity type 'Land_HouseBlock_2F6'
21:17:00.899    ENTITY    (W): Door 'DoorsTwin1' is missing geometry components for selection 'DoorsTwin1', check model+config
21:17:00.909   ENTITY       : Load entity type 'Land_Wreck_sed01_aban1_wine'
21:17:00.909    ENTITY    (W): Door 'Doors3' is missing geometry components for selection 'Doors3', check model+config
21:17:00.914   ENTITY       : Load entity type 'Land_Workshop4'
21:17:00.914    ENTITY    (W): Door 'DoorsTwin1' is missing geometry components for selection 'DoorsTwin1', check model+config
21:17:00.920   ENTITY       : Load entity type 'Land_Workshop2'
21:17:00.920    ENTITY    (W): Door 'DoorsTwin1' is missing geometry components for selection 'DoorsTwin1', check model+config
21:17:00.938   WORLD        : Create entity type 'Land_power_pole_conc4_lamp_amp'
21:17:00.938    ENTITY    (E): Type 'HouseType' must be inherited from class 'PASReceiverType'
21:17:00.951   ENTITY       : Load entity type 'Land_Wreck_sed02_aban2_red'
21:17:00.951    ENTITY    (W): Door 'Doors1' is missing geometry components for selection 'Doors1', check model+config
21:17:00.951    ENTITY    (W): Door 'Doors2' is missing geometry components for selection 'Doors2', check model+config
21:17:00.951    ENTITY    (W): Door 'Doors3' is missing geometry components for selection 'Doors3', check model+config
21:17:00.967   ENTITY       : Load entity type 'Land_HouseBlock_1F3'
21:17:00.967    ENTITY    (W): Door 'DoorsTwin1' is missing geometry components for selection 'DoorsTwin1', check model+config
21:17:01.06    ENTITY       : Load entity type 'Land_HouseBlock_2F4'
21:17:01.07     ENTITY    (W): Door 'DoorsTwin1' is missing geometry components for selection 'DoorsTwin1', check model+config
21:17:01.27    ENTITY       : Load entity type 'Land_HouseBlock_2F9'
21:17:01.27     ENTITY    (W): Door 'DoorsTwin1' is missing geometry components for selection 'DoorsTwin1', check model+config
21:17:01.38    ENTITY       : Load entity type 'Land_Wreck_sed02_aban2_yellow'
21:17:01.38     ENTITY    (W): Door 'Doors1' is missing geometry components for selection 'Doors1', check model+config
21:17:01.39     ENTITY    (W): Door 'Doors2' is missing geometry components for selection 'Doors2', check model+config
21:17:01.39     ENTITY    (W): Door 'Doors3' is missing geometry components for selection 'Doors3', check model+config
21:17:01.74    ENTITY       : Load entity type 'Land_Wreck_hb01_aban2_blue'
21:17:01.74     ENTITY    (W): Door 'Doors1' is missing geometry components for selection 'Doors1', check model+config
21:17:01.74     ENTITY    (W): Door 'Doors2' is missing geometry components for selection 'Doors2', check model+config
21:17:01.76    ENTITY       : Load entity type 'Land_Rail_Station_Big'
21:17:01.77     ENTITY    (W): Door 'DoorsTwin1' is missing geometry components for selection 'DoorsTwin1', check model+config
21:17:01.104   ENTITY       : Load entity type 'Land_Wall_Gate_FenG_Big_Open'
21:17:01.104    ENTITY    (W): Door 'DoorsTwin1' is missing geometry components for selection 'DoorsTwin1', check model+config
21:17:01.108   ENTITY       : Load entity type 'Land_City_PoliceStation'
21:17:01.108    ENTITY    (W): Door 'DoorsTwin1' is missing geometry components for selection 'DoorsTwin1', check model+config
21:17:01.109    ENTITY    (W): Door 'DoorsTwin2' is missing geometry components for selection 'DoorsTwin2', check model+config
21:17:01.109    ENTITY    (W): Door 'DoorsTwin3' is missing geometry components for selection 'DoorsTwin3', check model+config
21:17:01.159   ENTITY       : Load entity type 'Land_Wreck_sed02_aban2_grey'
21:17:01.159    ENTITY    (W): Door 'Doors1' is missing geometry components for selection 'Doors1', check model+config
21:17:01.160    ENTITY    (W): Door 'Doors2' is missing geometry components for selection 'Doors2', check model+config
21:17:01.160    ENTITY    (W): Door 'Doors3' is missing geometry components for selection 'Doors3', check model+config
21:17:01.169   ENTITY       : Load entity type 'Land_Garage_Row_Big'
21:17:01.170    ENTITY    (W): Door 'DoorsTwin1' is missing geometry components for selection 'DoorsTwin1', check model+config
21:17:01.170    ENTITY    (W): Door 'DoorsTwin2' is missing geometry components for selection 'DoorsTwin2', check model+config
21:17:01.170    ENTITY    (W): Door 'DoorsTwin3' is missing geometry components for selection 'DoorsTwin3', check model+config
21:17:01.170    ENTITY    (W): Door 'DoorsTwin4' is missing geometry components for selection 'DoorsTwin4', check model+config
21:17:01.193   ENTITY       : Load entity type 'Land_City_Hospital'
21:17:01.193    ENTITY    (W): Door 'DoorsTwin1' is missing geometry components for selection 'DoorsTwin1', check model+config
21:17:01.215   ENTITY       : Load entity type 'Land_Container_1Bo'
21:17:01.215    ENTITY    (W): Door 'DoorsTwin1' is missing geometry components for selection 'DoorsTwin1', check model+config
21:17:01.215    ENTITY    (W): Door 'DoorsTwin2' is missing geometry components for selection 'DoorsTwin2', check model+config
21:17:01.217   ENTITY       : Load entity type 'Land_City_Store_WithStairs'
21:17:01.217    ENTITY    (W): Door 'DoorsTwin1' is missing geometry components for selection 'DoorsTwin1', check model+config
21:17:01.217    ENTITY    (W): Door 'DoorsTwin2' is missing geometry components for selection 'DoorsTwin2', check model+config
21:17:01.218    ENTITY    (W): Door 'DoorsTwin3' is missing geometry components for selection 'DoorsTwin3', check model+config
21:17:01.218    ENTITY    (W): Door 'DoorsTwin4' is missing geometry components for selection 'DoorsTwin4', check model+config
21:17:01.218    ENTITY    (W): Door 'DoorsTwin5' is missing geometry components for selection 'DoorsTwin5', check model+config
21:17:01.238   ENTITY       : Load entity type 'Land_House_2W04'
21:17:01.239    ENTITY    (W): Door 'DoorsTwin1' is missing geometry components for selection 'DoorsTwin1', check model+config
21:17:01.276   ENTITY       : Load entity type 'Land_Office2'
21:17:01.276    ENTITY    (W): Door 'DoorsTwin1' is missing geometry components for selection 'DoorsTwin1', check model+config
21:17:01.276    ENTITY    (W): Door 'DoorsTwin2' is missing geometry components for selection 'DoorsTwin2', check model+config
21:17:01.277    ENTITY    (W): Door 'DoorsTwin3' is missing geometry components for selection 'DoorsTwin3', check model+config
21:17:01.277    ENTITY    (W): Door 'DoorsTwin4' is missing geometry components for selection 'DoorsTwin4', check model+config
21:17:01.277    ENTITY    (W): Door 'DoorsTwin5' is missing geometry components for selection 'DoorsTwin5', check model+config
21:17:01.330   ENTITY    (W): Unknown object class 'pond' (dz\water\ponds\pond_50x50.p3d)
21:17:01.448   ENTITY       : Load entity type 'Land_House_1W12_Brown'
21:17:01.448    ENTITY    (W): Unknown object class 'thing' (dz\structures\furniture\eletrical_appliances\washing_machine\washing_machine.p3d)
21:17:01.449    ENTITY    (W): Unknown object class 'thing' (dz\structures\furniture\eletrical_appliances\washing_machine\washing_machine.p3d)
21:17:01.449    ENTITY    (W): Unknown object class 'thing' (dz\structures\furniture\eletrical_appliances\washing_machine\washing_machine.p3d)
21:17:01.489   ENTITY       : Load entity type 'Land_House_1W08_Brown'
21:17:01.490    ENTITY    (W): Unknown object class 'thing' (dz\structures\furniture\eletrical_appliances\washing_machine\washing_machine.p3d)
21:17:01.490    ENTITY    (W): Unknown object class 'thing' (dz\structures\furniture\eletrical_appliances\washing_machine\washing_machine.p3d)
21:17:01.491    ENTITY    (W): Unknown object class 'thing' (dz\structures\furniture\eletrical_appliances\washing_machine\washing_machine.p3d)
21:17:01.627   ENTITY       : Load entity type 'Land_Wreck_hb01_aban2_white'
21:17:01.628    ENTITY    (W): Door 'Doors1' is missing geometry components for selection 'Doors1', check model+config
21:17:01.628    ENTITY    (W): Door 'Doors2' is missing geometry components for selection 'Doors2', check model+config
21:17:01.719   ENTITY       : Load entity type 'Land_Office1'
21:17:01.719    ENTITY    (W): Door 'DoorsTwin1' is missing geometry components for selection 'DoorsTwin1', check model+config
21:17:01.719    ENTITY    (W): Door 'DoorsTwin2' is missing geometry components for selection 'DoorsTwin2', check model+config
21:17:01.720    ENTITY    (W): Door 'DoorsTwin3' is missing geometry components for selection 'DoorsTwin3', check model+config
21:17:01.720    ENTITY    (W): Door 'DoorsTwin4' is missing geometry components for selection 'DoorsTwin4', check model+config
21:17:01.720    ENTITY    (W): Door 'DoorsTwin5' is missing geometry components for selection 'DoorsTwin5', check model+config
21:17:01.720    ENTITY    (W): Door 'DoorsTwin6' is missing geometry components for selection 'DoorsTwin6', check model+config
21:17:01.721    ENTITY    (W): Door 'DoorsTwin7' is missing geometry components for selection 'DoorsTwin7', check model+config
21:17:01.789   ENTITY       : Load entity type 'Land_Workshop5'
21:17:01.789    ENTITY    (W): Door 'DoorsTwin1' is missing geometry components for selection 'DoorsTwin1', check model+config
21:17:01.791   ENTITY       : Load entity type 'Land_Factory_Small'
21:17:01.791    ENTITY    (W): Door 'DoorsTwin1' is missing geometry components for selection 'DoorsTwin1', check model+config
21:17:01.791    ENTITY    (W): Door 'DoorsTwin2' is missing geometry components for selection 'DoorsTwin2', check model+config
21:17:01.945   ENTITY       : Load entity type 'Land_Wreck_hb01_aban1_green'
21:17:01.945    ENTITY    (W): Door 'Doors1' is missing geometry components for selection 'Doors1', check model+config
21:17:01.945    ENTITY    (W): Door 'Doors2' is missing geometry components for selection 'Doors2', check model+config
21:17:02.120   ENTITY       : Load entity type 'Land_Mil_Barracks3'
21:17:02.120    ENTITY    (W): Door 'DoorsTwin1' is missing geometry components for selection 'DoorsTwin1', check model+config
21:17:02.165   ENTITY       : Load entity type 'Land_wreck_truck01_aban2_firetruck'
21:17:02.166    ENTITY    (W): Door 'Doors2' is missing geometry components for selection 'Doors2', check model+config
21:17:02.166    ENTITY    (W): Door 'DoorsTwin1' is missing geometry components for selection 'DoorsTwin1', check model+config
21:17:02.166    ENTITY    (W): Door 'Doors5' is missing geometry components for selection 'Doors5', check model+config
21:17:02.167    ENTITY    (W): Door 'Doors6' is missing geometry components for selection 'Doors6', check model+config
21:17:02.167    ENTITY    (W): Door 'Doors7' is missing geometry components for selection 'Doors7', check model+config
21:17:02.167    ENTITY    (W): Door 'Doors8' is missing geometry components for selection 'Doors8', check model+config
21:17:02.167    ENTITY    (W): Door 'Doors9' is missing geometry components for selection 'Doors9', check model+config
21:17:02.169   ENTITY       : Load entity type 'Land_wreck_truck01_aban1_firetruck'
21:17:02.169    ENTITY    (W): Door 'Doors2' is missing geometry components for selection 'Doors2', check model+config
21:17:02.169    ENTITY    (W): Door 'DoorsTwin1' is missing geometry components for selection 'DoorsTwin1', check model+config
21:17:02.169    ENTITY    (W): Door 'Doors5' is missing geometry components for selection 'Doors5', check model+config
21:17:02.170    ENTITY    (W): Door 'Doors6' is missing geometry components for selection 'Doors6', check model+config
21:17:02.170    ENTITY    (W): Door 'Doors7' is missing geometry components for selection 'Doors7', check model+config
21:17:02.170    ENTITY    (W): Door 'Doors8' is missing geometry components for selection 'Doors8', check model+config
21:17:02.170    ENTITY    (W): Door 'Doors9' is missing geometry components for selection 'Doors9', check model+config
21:17:02.198   ENTITY       : Load entity type 'Land_Container_1Moh'
21:17:02.198    ENTITY    (W): Door 'DoorsTwin1' is missing geometry components for selection 'DoorsTwin1', check model+config
21:17:02.199   ENTITY       : Load entity type 'Land_Rail_Warehouse_Small'
21:17:02.200    ENTITY    (W): Door 'DoorsTwin1' is missing geometry components for selection 'DoorsTwin1', check model+config
21:17:02.200    ENTITY    (W): Door 'DoorsTwin2' is missing geometry components for selection 'DoorsTwin2', check model+config
21:17:02.208   ENTITY       : Load entity type 'Land_Container_1Aoh'
21:17:02.209    ENTITY    (W): Door 'DoorsTwin1' is missing geometry components for selection 'DoorsTwin1', check model+config
21:17:02.243   ENTITY       : Load entity type 'Land_Village_HealthCare'
21:17:02.243    ENTITY    (W): Door 'DoorsTwin1' is missing geometry components for selection 'DoorsTwin1', check model+config
21:17:02.243    ENTITY    (W): Door 'DoorsTwin2' is missing geometry components for selection 'DoorsTwin2', check model+config
21:17:02.607   ENTITY    (W): Unknown object class 'pond' (dz\water\ponds\pond_big_38_01.p3d)
21:17:02.607   ENTITY    (W): Unknown object class 'pond' (dz\water\ponds\pond_big_38_02.p3d)
21:17:02.960   ENTITY       : Load entity type 'Land_Farm_CowshedA'
21:17:02.960    ENTITY    (W): Door 'DoorsTwin1' is missing geometry components for selection 'DoorsTwin1', check model+config
21:17:02.960    ENTITY    (W): Door 'DoorsTwin2' is missing geometry components for selection 'DoorsTwin2', check model+config
21:17:02.962   ENTITY       : Load entity type 'Land_Farm_CowshedC'
21:17:02.962    ENTITY    (W): Door 'DoorsTwin1' is missing geometry components for selection 'DoorsTwin1', check model+config
21:17:03.32    ENTITY       : Load entity type 'Land_CementWorks_Hall2_Brick'
21:17:03.33     ENTITY    (W): Door 'DoorsTwin1' is missing geometry components for selection 'DoorsTwin1', check model+config
21:17:03.107   ENTITY       : Load entity type 'Land_Wreck_offroad02_aban2'
21:17:03.107    ENTITY    (W): Door 'Doors3' is missing geometry components for selection 'Doors3', check model+config
21:17:03.229   ENTITY       : Load entity type 'Land_Mil_Airfield_HQ'
21:17:03.229    ENTITY    (W): Door 'DoorsTwin1' is missing geometry components for selection 'DoorsTwin1', check model+config
21:17:03.276   ENTITY       : Load entity type 'Land_Mil_Barracks1'
21:17:03.277    ENTITY    (W): Door 'DoorsTwin1' is missing geometry components for selection 'DoorsTwin1', check model+config
21:17:03.356   ENTITY    (W): Unknown object class 'pond' (dz\water\ponds\pond_small_06.p3d)
21:17:03.376   WORLD        : Create entity type 'Land_radio_panelbig'
21:17:03.377    ENTITY    (E): Type 'HouseType' must be inherited from class 'StaticTransmitterType'
21:17:03.393   ENTITY       : Load entity type 'Land_Radio_building'
21:17:03.395    ENTITY    (W): Door 'DoorsTwin1' is missing geometry components for selection 'DoorsTwin1', check model+config
21:17:03.661   ENTITY    (W): Unknown object class 'pond' (dz\water\ponds\pond_50x50.p3d)
21:17:03.967   ENTITY    (W): Unknown object class 'pond' (dz\water\ponds\pond_50x50.p3d)
21:17:03.990   ENTITY    (W): Unknown object class 'pond' (dz\water\ponds\pond_50x50.p3d)
21:17:04.87    ENTITY       : Load entity type 'Land_Garage_Big'
21:17:04.87     ENTITY    (W): Door 'DoorsTwin1' is missing geometry components for selection 'DoorsTwin1', check model+config
21:17:04.131   ENTITY       : Load entity type 'Land_Tisy_HQ'
21:17:04.131    ENTITY    (W): Door 'DoorsTwin1' is missing geometry components for selection 'DoorsTwin1', check model+config
21:17:04.749   ENTITY    (W): Unknown object class 'pond' (dz\water\ponds\pond_small_20.p3d)
21:17:04.883   ENTITY    (W): Unknown object class 'pond' (dz\water\ponds\pond_small_02.p3d)
21:17:05.161   ENTITY       : Load entity type 'Land_HouseBlock_5F'
21:17:05.161    ENTITY    (W): Door 'DoorsTwin1' is missing geometry components for selection 'DoorsTwin1', check model+config
21:17:05.165   ENTITY       : Load entity type 'Land_Office_Municipal2'
21:17:05.165    ENTITY    (W): Door 'DoorsTwin1' is missing geometry components for selection 'DoorsTwin1', check model+config
21:17:25.594  SCRIPT    (E): @"$CurrentDir:mpmissions\dayzOffline.chernarusplus\init.c,266": Function 'Expansion_OnQuestCompletion' is marked as override, but there is no function with this name in the base class
21:17:25.601  SCRIPT    (E): Can't compile mission init script'!

$CurrentDir:mpmissions\dayzOffline.chernarusplus\init.c(266): Function 'Expansion_OnQuestCompletion' is marked as override, but there is no function with this name in the base class
21:22:17.857 [Disconnect]: Client 28232546 disconnecting
21:22:17.857 [Disconnect]: Client 28232546 early disconnect
21:32:01.665  ENTITY       : Load entity type 'Land_Wall_Gate_Tin6_2'
21:32:01.665   ENTITY    (W): Door 'DoorsTwin1' is missing geometry components for selection 'DoorsTwin1', check model+config
21:32:01.691  ENTITY       : CreatePhysics entity StaticObj_Wall_Tin_Pole:0
21:32:01.692   PHYSICS   (E): LODShape: 'dz\structures\walls\wall_tin_pole.p3d' was instanced with interaction layer 'CHARACTER' but now there is an attempt to load it with 'AI'. Likely mismatching 'physLayer' in Config/Named Property between .p3d shared across multiple entities.
21:32:01.697  ENTITY       : CreatePhysics entity StaticObj_Wall_Tin_Pole:0
21:32:01.697   PHYSICS   (E): LODShape: 'dz\structures\walls\wall_tin_pole.p3d' was instanced with interaction layer 'CHARACTER' but now there is an attempt to load it with 'AI'. Likely mismatching 'physLayer' in Config/Named Property between .p3d shared across multiple entities.
21:32:01.698  ENTITY       : CreatePhysics entity StaticObj_Wall_Tin_Pole:0
21:32:01.698   PHYSICS   (E): LODShape: 'dz\structures\walls\wall_tin_pole.p3d' was instanced with interaction layer 'CHARACTER' but now there is an attempt to load it with 'AI'. Likely mismatching 'physLayer' in Config/Named Property between .p3d shared across multiple entities.
21:32:01.742  ENTITY       : CreatePhysics entity StaticObj_Wall_Tin_Pole:0
21:32:01.742   PHYSICS   (E): LODShape: 'dz\structures\walls\wall_tin_pole.p3d' was instanced with interaction layer 'CHARACTER' but now there is an attempt to load it with 'AI'. Likely mismatching 'physLayer' in Config/Named Property between .p3d shared across multiple entities.
21:32:01.831 Mission script has no main function, player connect will stay disabled!
21:32:02.355 [Disconnect]: DisconnectPlayerFinish 28232546
21:32:02.355 [Disconnect]: Remove player info 28232546
21:32:05.636  --- Termination successfully completed --- 
