=====================================================================
== C:\SERVICES\ni13121453_1_SHARE\ftproot\dayzstandalone\DayZServer_x64.exe
== "C:\SERVICES\ni13121453_1_SHARE\ftproot\dayzstandalone\DayZServer_x64.exe" -ip=85.190.149.78 -port=10300 -cpuCount=4 -limitFPS=100 -config=serverDZ.cfg "-mod=@CF;@Dabs-Framework;@Zens-Core-Mod;@DayZ-Expansion-Licensed;@DayZ-Editor-Loader;@VPPAdminTools;@Building-Fortifications;@Early-Winter-or-late-Fall-in-Chernarus;@Furniture;@Knock-Knock-Zombies;@Mortys-Weapons;@Peek-Doors;@Quadleys-Tools-and-Melee-Weapons;@WindstridesClothingPack;@Zens-Lazy-Actions;@Zens-Skill-Perk-Tree;@Zens-Sleeping-Mod;@Zens-Repairable-Wells;@Zens-Zombie-Door-Bangers" -profiles=C:\SERVICES\ni13121453_1_SHARE\ftproot\dayzstandalone/config -BEPath=C:\SERVICES\ni13121453_1_SHARE\ftproot\dayzstandalone\battleye -nologs -freezecheck
=====================================================================
Exe timestamp: 2026/05/25 19:14:58
Current time:  2026/05/26 21:03:42
Version 1.29.162510
=====================================================================

21:03:42.985 ENGINE    (W): Process affinity forced to f
21:03:53.510 ENGINE    (W): No module info used, trying to identify -> 0x71290000
21:03:53.522 ENGINE    (W): Adjusting job system settings to have at least one job worker thread.
21:03:53.842 [Inputs] Loading inputs default "bin/constants.xml"
21:03:53.848 [Inputs] Loading inputs default "bin/specific.xml"
21:03:53.852 !!! [Inputs] Cannot load inputs default "", file does not exist
21:03:53.852 !!! [Inputs] Failed to load MODDED inputs - file name/ path invalid?
21:03:53.855 [Inputs] Loading inputs default "VPPAdminTools/data/modded_Inputs.xml"
21:03:53.864 [Inputs] Loading inputs default "WindstrideClothing/Inputs.xml"
21:03:53.873 [Inputs] Loading inputs default "ZenLazyAction/data/inputs.xml"
21:03:53.881 [Inputs] Loading inputs default "ZenSkills/data/inputs.xml"
21:03:53.892 [Inputs] Loading inputs cfg "C:\SERVICES\ni13121453_1_SHARE\ftproot\dayzstandalone/config\Users\Survivor\Server.core.xml"
21:03:53.951 [Inputs] Exporting inputs cfg "C:\SERVICES\ni13121453_1_SHARE\ftproot\dayzstandalone/config\Users\Survivor\Server.core.xml"
21:04:10.449 SCRIPT    (W): @"ZenRepairWells/scripts/3_game/zenwellsconfig.c,17": FIX-ME: Unexpected statement 'ref'
21:04:15.06  ANIMATION (E): Can't load @Zens-Zombie-Door-Bangers/Anims/cfg/skeletons.anim.xml
21:04:15.08  ANIMATION (E): Failed to open file, line 0, column 0
21:04:15.10  ANIMATION (E): Can't load @Zens-Repairable-Wells/Anims/cfg/skeletons.anim.xml
21:04:15.13  ANIMATION (E): Failed to open file, line 0, column 0
21:04:15.17  ANIMATION (E): Can't load @Zens-Sleeping-Mod/Anims/cfg/skeletons.anim.xml
21:04:15.19  ANIMATION (E): Failed to open file, line 0, column 0
21:04:15.21  ANIMATION (E): Can't load @Zens-Skill-Perk-Tree/Anims/cfg/skeletons.anim.xml
21:04:15.23  ANIMATION (E): Failed to open file, line 0, column 0
21:04:15.26  ANIMATION (E): Can't load @Zens-Lazy-Actions/Anims/cfg/skeletons.anim.xml
21:04:15.31  ANIMATION (E): Failed to open file, line 0, column 0
21:04:15.34  ANIMATION (E): Can't load @WindstridesClothingPack/Anims/cfg/skeletons.anim.xml
21:04:15.34  ANIMATION (E): Failed to open file, line 0, column 0
21:04:15.34  ANIMATION (E): Can't load @Quadleys-Tools-and-Melee-Weapons/Anims/cfg/skeletons.anim.xml
21:04:15.34  ANIMATION (E): Failed to open file, line 0, column 0
21:04:15.35  ANIMATION (E): Can't load @Peek-Doors/Anims/cfg/skeletons.anim.xml
21:04:15.35  ANIMATION (E): Failed to open file, line 0, column 0
21:04:15.37  ANIMATION (E): Can't load @Mortys-Weapons/Anims/cfg/skeletons.anim.xml
21:04:15.39  ANIMATION (E): Failed to open file, line 0, column 0
21:04:15.42  ANIMATION (E): Can't load @Knock-Knock-Zombies/Anims/cfg/skeletons.anim.xml
21:04:15.45  ANIMATION (E): Failed to open file, line 0, column 0
21:04:15.47  ANIMATION (E): Can't load @Furniture/Anims/cfg/skeletons.anim.xml
21:04:15.48  ANIMATION (E): Failed to open file, line 0, column 0
21:04:15.50  ANIMATION (E): Can't load @Early-Winter-or-late-Fall-in-Chernarus/Anims/cfg/skeletons.anim.xml
21:04:15.52  ANIMATION (E): Failed to open file, line 0, column 0
21:04:15.53  ANIMATION (E): Can't load @Building-Fortifications/Anims/cfg/skeletons.anim.xml
21:04:15.55  ANIMATION (E): Failed to open file, line 0, column 0
21:04:15.56  ANIMATION (E): Can't load @VPPAdminTools/Anims/cfg/skeletons.anim.xml
21:04:15.58  ANIMATION (E): Failed to open file, line 0, column 0
21:04:15.59  ANIMATION (E): Can't load @DayZ-Editor-Loader/Anims/cfg/skeletons.anim.xml
21:04:15.61  ANIMATION (E): Failed to open file, line 0, column 0
21:04:15.62  ANIMATION (E): Can't load @DayZ-Expansion-Licensed/Anims/cfg/skeletons.anim.xml
21:04:15.64  ANIMATION (E): Failed to open file, line 0, column 0
21:04:15.66  ANIMATION (E): Can't load @Zens-Core-Mod/Anims/cfg/skeletons.anim.xml
21:04:15.67  ANIMATION (E): Failed to open file, line 0, column 0
21:04:15.69  ANIMATION (E): Can't load @Dabs-Framework/Anims/cfg/skeletons.anim.xml
21:04:15.70  ANIMATION (E): Failed to open file, line 0, column 0
21:04:15.72  ANIMATION (E): Can't load @CF/Anims/cfg/skeletons.anim.xml
21:04:15.75  ANIMATION (E): Failed to open file, line 0, column 0
21:04:15.76  ANIMATION (E): Can't load sakhal/Anims/cfg/skeletons.anim.xml
21:04:15.78  ANIMATION (E): Failed to open file, line 0, column 0
21:04:22.409 SCRIPT    (W): @"Furniture/scripts/4_World/actions\srp_actiondemountfurniture.c,51": Missing ';' at the end of line
21:04:22.409 SCRIPT    (W): @"Furniture/scripts/4_World/actions\srp_actionremovegarbage.c,37": Missing ';' at the end of line
21:04:22.568 SCRIPT    (W): @"Furniture/scripts/4_World/entities\srp_openablefurniturebase.c,168": FIX-ME: Overriding function 'GetPlaceSoundset' but not marked as 'override'
21:04:22.569 SCRIPT    (W): @"Furniture/scripts/4_World/entities\srp_openablefurniturebase.c,173": FIX-ME: Overriding function 'GetDeploySoundset' but not marked as 'override'
21:04:27.571 SCRIPT    (W): @"KnockKnockZombies/scripts/4_World/player.c,66": FIX-ME: Unsafe down-casting, use 'PlayerBase.Cast' for safe down-casting
21:04:27.575 SCRIPT    (W): @"KnockKnockZombies/scripts/4_World/player.c,70": FIX-ME: Unsafe down-casting, use 'PlayerBase.Cast' for safe down-casting
21:04:27.578 SCRIPT    (W): @"KnockKnockZombies/scripts/4_World/player.c,74": FIX-ME: Unsafe down-casting, use 'PlayerBase.Cast' for safe down-casting
21:04:41.693 Hostname of server: "Bullzed-Test"
21:04:44.566 NETWORK      : Network simulation
21:04:44.567  Loading landscape 'chernarusplus'
21:04:44.567   WORLD        : Create entity type 'Land_power_pole_conc1_amp'
21:04:44.567    ENTITY    (E): Type 'HouseType' must be inherited from class 'PASReceiverType'
21:04:44.962   ENTITY       : Load entity type 'Land_Mil_Barracks5'
21:04:44.965    ENTITY    (W): Door 'DoorsTwin1' is missing geometry components for selection 'DoorsTwin1', check model+config
21:04:44.971   WORLD        : Create entity type 'Land_radio_panelpas'
21:04:44.972    ENTITY    (E): Type 'HouseType' must be inherited from class 'PASBroadcasterType'
21:04:45.35    ENTITY       : Load entity type 'Land_Prison_Side'
21:04:45.38     ENTITY    (W): Door 'DoorsTwin1' is missing geometry components for selection 'DoorsTwin1', check model+config
21:04:45.38     ENTITY    (W): Door 'DoorsTwin2' is missing geometry components for selection 'DoorsTwin2', check model+config
21:04:45.39     ENTITY    (W): Door 'DoorsTwin3' is missing geometry components for selection 'DoorsTwin3', check model+config
21:04:45.39     ENTITY    (W): Door 'DoorsTwin4' is missing geometry components for selection 'DoorsTwin4', check model+config
21:04:45.39     ENTITY    (W): Door 'DoorsTwin5' is missing geometry components for selection 'DoorsTwin5', check model+config
21:04:45.39     ENTITY    (W): Door 'DoorsTwin6' is missing geometry components for selection 'DoorsTwin6', check model+config
21:04:45.39     ENTITY    (W): Door 'DoorsTwin7' is missing geometry components for selection 'DoorsTwin7', check model+config
21:04:45.40     ENTITY    (W): Door 'DoorsTwin8' is missing geometry components for selection 'DoorsTwin8', check model+config
21:04:45.100   WORLD        : Create entity type 'Land_power_pole_wood1_amp'
21:04:45.102    ENTITY    (E): Type 'HouseType' must be inherited from class 'PASReceiverType'
21:04:45.136   ENTITY       : Load entity type 'Land_Container_1Mo'
21:04:45.137    ENTITY    (W): Door 'DoorsTwin1' is missing geometry components for selection 'DoorsTwin1', check model+config
21:04:45.137    ENTITY    (W): Door 'DoorsTwin2' is missing geometry components for selection 'DoorsTwin2', check model+config
21:04:45.138   ENTITY       : Load entity type 'Land_Workshop3'
21:04:45.141    ENTITY    (W): Door 'DoorsTwin1' is missing geometry components for selection 'DoorsTwin1', check model+config
21:04:45.143    ENTITY    (W): Door 'DoorsTwin2' is missing geometry components for selection 'DoorsTwin2', check model+config
21:04:45.207   WORLD        : Create entity type 'Land_lamp_city1_amp'
21:04:45.209    ENTITY    (E): Type 'HouseType' must be inherited from class 'PASReceiverType'
21:04:45.274   ENTITY       : Load entity type 'Land_Workshop1'
21:04:45.276    ENTITY    (W): Door 'DoorsTwin1' is missing geometry components for selection 'DoorsTwin1', check model+config
21:04:45.400   ENTITY       : Load entity type 'Land_Wall_Gate_FenG_Big'
21:04:45.402    ENTITY    (W): Door 'DoorsTwin1' is missing geometry components for selection 'DoorsTwin1', check model+config
21:04:45.454   ENTITY       : Load entity type 'Land_Wreck_sed01_aban1_white'
21:04:45.456    ENTITY    (W): Door 'Doors3' is missing geometry components for selection 'Doors3', check model+config
21:04:45.458   ENTITY       : Load entity type 'Land_Wreck_hb02_aban1_blue'
21:04:45.458    ENTITY    (W): Door 'Doors3' is missing geometry components for selection 'Doors3', check model+config
21:04:45.459   ENTITY       : Load entity type 'Land_House_2W03_Brown'
21:04:45.460    ENTITY    (W): Door 'DoorsTwin1' is missing geometry components for selection 'DoorsTwin1', check model+config
21:04:45.461   ENTITY       : Load entity type 'Land_House_2W03'
21:04:45.461    ENTITY    (W): Door 'DoorsTwin1' is missing geometry components for selection 'DoorsTwin1', check model+config
21:04:45.499   ENTITY       : Load entity type 'Land_Wall_Gate_FenR_Big'
21:04:45.500    ENTITY    (W): Door 'DoorsTwin1' is missing geometry components for selection 'DoorsTwin1', check model+config
21:04:45.503   ENTITY       : Load entity type 'Land_Wreck_sed02_aban1_yellow'
21:04:45.505    ENTITY    (W): Door 'Doors1' is missing geometry components for selection 'Doors1', check model+config
21:04:45.507    ENTITY    (W): Door 'Doors2' is missing geometry components for selection 'Doors2', check model+config
21:04:45.507    ENTITY    (W): Door 'Doors3' is missing geometry components for selection 'Doors3', check model+config
21:04:45.617   ENTITY       : Load entity type 'Land_Wall_Gate_FenR_Big_Open'
21:04:45.619    ENTITY    (W): Door 'DoorsTwin1' is missing geometry components for selection 'DoorsTwin1', check model+config
21:04:45.683   WORLD        : Create entity type 'Land_power_pole_wood1_lamp_amp'
21:04:45.685    ENTITY    (E): Type 'HouseType' must be inherited from class 'PASReceiverType'
21:04:45.734   ENTITY       : Load entity type 'Land_Church2_2'
21:04:45.736    ENTITY    (W): Door 'DoorsTwin1' is missing geometry components for selection 'DoorsTwin1', check model+config
21:04:45.822   ENTITY       : Load entity type 'Land_Wreck_sed01_aban2_wine'
21:04:45.823    ENTITY    (W): Door 'Doors3' is missing geometry components for selection 'Doors3', check model+config
21:04:45.865   ENTITY       : Load entity type 'Land_Wreck_sed01_aban2_white'
21:04:45.865    ENTITY    (W): Door 'Doors3' is missing geometry components for selection 'Doors3', check model+config
21:04:45.868   ENTITY       : Load entity type 'Land_Tenement_Small'
21:04:45.868    ENTITY    (W): Unknown object class 'thing' (dz\structures\furniture\eletrical_appliances\washing_machine\washing_machine.p3d)
21:04:45.868    ENTITY    (W): Unknown object class 'thing' (dz\structures\furniture\eletrical_appliances\washing_machine\washing_machine.p3d)
21:04:45.869    ENTITY    (W): Unknown object class 'thing' (dz\structures\furniture\eletrical_appliances\washing_machine\washing_machine.p3d)
21:04:45.869    ENTITY    (W): Unknown object class 'thing' (dz\structures\furniture\eletrical_appliances\washing_machine\washing_machine.p3d)
21:04:45.869    ENTITY    (W): Unknown object class 'thing' (dz\structures\furniture\eletrical_appliances\washing_machine\washing_machine.p3d)
21:04:45.870    ENTITY    (W): Unknown object class 'thing' (dz\structures\furniture\eletrical_appliances\washing_machine\washing_machine.p3d)
21:04:45.870    ENTITY    (W): Unknown object class 'thing' (dz\structures\furniture\eletrical_appliances\washing_machine\washing_machine.p3d)
21:04:45.956   ENTITY       : Load entity type 'Land_Tenement_Big'
21:04:45.957    ENTITY    (W): Unknown object class 'thing' (dz\structures\furniture\eletrical_appliances\washing_machine\washing_machine.p3d)
21:04:45.957    ENTITY    (W): Unknown object class 'thing' (dz\structures\furniture\eletrical_appliances\washing_machine\washing_machine.p3d)
21:04:45.957    ENTITY    (W): Unknown object class 'thing' (dz\structures\furniture\eletrical_appliances\washing_machine\washing_machine.p3d)
21:04:45.958    ENTITY    (W): Unknown object class 'thing' (dz\structures\furniture\eletrical_appliances\washing_machine\washing_machine.p3d)
21:04:45.961    ENTITY    (W): Unknown object class 'thing' (dz\structures\furniture\eletrical_appliances\washing_machine\washing_machine.p3d)
21:04:45.962    ENTITY    (W): Unknown object class 'thing' (dz\structures\furniture\eletrical_appliances\washing_machine\washing_machine.p3d)
21:04:45.965    ENTITY    (W): Unknown object class 'thing' (dz\structures\furniture\eletrical_appliances\washing_machine\washing_machine.p3d)
21:04:45.967    ENTITY    (W): Unknown object class 'thing' (dz\structures\furniture\eletrical_appliances\washing_machine\washing_machine.p3d)
21:04:45.968    ENTITY    (W): Unknown object class 'thing' (dz\structures\furniture\eletrical_appliances\washing_machine\washing_machine.p3d)
21:04:46.47    ENTITY       : Load entity type 'Land_City_Store'
21:04:46.49     ENTITY    (W): Door 'DoorsTwin1' is missing geometry components for selection 'DoorsTwin1', check model+config
21:04:46.51     ENTITY    (W): Door 'DoorsTwin2' is missing geometry components for selection 'DoorsTwin2', check model+config
21:04:46.51     ENTITY    (W): Door 'DoorsTwin3' is missing geometry components for selection 'DoorsTwin3', check model+config
21:04:46.51     ENTITY    (W): Door 'DoorsTwin4' is missing geometry components for selection 'DoorsTwin4', check model+config
21:04:46.51     ENTITY    (W): Door 'DoorsTwin5' is missing geometry components for selection 'DoorsTwin5', check model+config
21:04:46.53    ENTITY       : Load entity type 'Land_Wreck_sed01_aban2_black'
21:04:46.53     ENTITY    (W): Door 'Doors3' is missing geometry components for selection 'Doors3', check model+config
21:04:46.68    ENTITY       : Load entity type 'Land_Wreck_sed01_aban1_black'
21:04:46.68     ENTITY    (W): Door 'Doors3' is missing geometry components for selection 'Doors3', check model+config
21:04:46.69    ENTITY       : Load entity type 'Land_Wreck_sed02_aban1_red'
21:04:46.69     ENTITY    (W): Door 'Doors1' is missing geometry components for selection 'Doors1', check model+config
21:04:46.69     ENTITY    (W): Door 'Doors2' is missing geometry components for selection 'Doors2', check model+config
21:04:46.69     ENTITY    (W): Door 'Doors3' is missing geometry components for selection 'Doors3', check model+config
21:04:46.150   ENTITY       : Load entity type 'Land_Wreck_hb01_aban1_blue'
21:04:46.151    ENTITY    (W): Door 'Doors1' is missing geometry components for selection 'Doors1', check model+config
21:04:46.151    ENTITY    (W): Door 'Doors2' is missing geometry components for selection 'Doors2', check model+config
21:04:46.152   ENTITY       : Load entity type 'Land_City_School'
21:04:46.153    ENTITY    (W): Door 'DoorsTwin1' is missing geometry components for selection 'DoorsTwin1', check model+config
21:04:46.153    ENTITY    (W): Door 'DoorsTwin3' is missing geometry components for selection 'DoorsTwin3', check model+config
21:04:46.153    ENTITY    (W): Door 'DoorsTwin4' is missing geometry components for selection 'DoorsTwin4', check model+config
21:04:46.153    ENTITY    (W): Door 'DoorsTwin5' is missing geometry components for selection 'DoorsTwin5', check model+config
21:04:46.154    ENTITY    (W): Door 'DoorsTwin6' is missing geometry components for selection 'DoorsTwin6', check model+config
21:04:46.154    ENTITY    (W): Door 'DoorsTwin7' is missing geometry components for selection 'DoorsTwin7', check model+config
21:04:46.159    ENTITY    (W): Unknown object class 'thing' (dz\structures\proxy_buildingparts\lightningcond\lightningconductormiddle\lightningconductormiddle.p3d)
21:04:46.160    ENTITY    (W): Unknown object class 'thing' (dz\structures\proxy_buildingparts\lightningcond\lightningconductormiddle\lightningconductormiddle.p3d)
21:04:46.162    ENTITY    (W): Unknown object class 'thing' (dz\structures\proxy_buildingparts\lightningcond\lightningconductormiddle\lightningconductormiddle.p3d)
21:04:46.164    ENTITY    (W): Unknown object class 'thing' (dz\structures\proxy_buildingparts\lightningcond\lightningconductormiddle\lightningconductormiddle.p3d)
21:04:46.165    ENTITY    (W): Unknown object class 'thing' (dz\structures\proxy_buildingparts\lightningcond\lightningconductormiddle\lightningconductormiddle.p3d)
21:04:46.165    ENTITY    (W): Unknown object class 'thing' (dz\structures\proxy_buildingparts\lightningcond\lightningconductormiddle\lightningconductormiddle.p3d)
21:04:46.165    ENTITY    (W): Unknown object class 'thing' (dz\structures\proxy_buildingparts\lightningcond\lightningconductormiddle\lightningconductormiddle.p3d)
21:04:46.165    ENTITY    (W): Unknown object class 'thing' (dz\structures\proxy_buildingparts\lightningcond\lightningconductormiddle\lightningconductormiddle.p3d)
21:04:46.166    ENTITY    (W): Unknown object class 'thing' (dz\structures\proxy_buildingparts\lightningcond\lightningconductormiddle\lightningconductormiddle.p3d)
21:04:46.166    ENTITY    (W): Unknown object class 'thing' (dz\structures\proxy_buildingparts\lightningcond\lightningconductormiddle\lightningconductormiddle.p3d)
21:04:46.166    ENTITY    (W): Unknown object class 'thing' (dz\structures\proxy_buildingparts\lightningcond\lightningconductormiddle\lightningconductormiddle.p3d)
21:04:46.166    ENTITY    (W): Unknown object class 'thing' (dz\structures\proxy_buildingparts\lightningcond\lightningconductormiddle\lightningconductormiddle.p3d)
21:04:46.166    ENTITY    (W): Unknown object class 'thing' (dz\structures\proxy_buildingparts\lightningcond\lightningconductormiddle\lightningconductormiddle.p3d)
21:04:46.167    ENTITY    (W): Unknown object class 'thing' (dz\structures\proxy_buildingparts\lightningcond\lightningconductormiddle\lightningconductormiddle.p3d)
21:04:46.167    ENTITY    (W): Unknown object class 'thing' (dz\structures\proxy_buildingparts\lightningcond\lightningconductormiddle\lightningconductormiddle.p3d)
21:04:46.167    ENTITY    (W): Unknown object class 'thing' (dz\structures\proxy_buildingparts\lightningcond\lightningconductormiddle\lightningconductormiddle.p3d)
21:04:46.167    ENTITY    (W): Unknown object class 'thing' (dz\structures\proxy_buildingparts\lightningcond\lightningconductormiddle\lightningconductormiddle.p3d)
21:04:46.167    ENTITY    (W): Unknown object class 'thing' (dz\structures\proxy_buildingparts\lightningcond\lightningconductormiddle\lightningconductormiddle.p3d)
21:04:46.168    ENTITY    (W): Unknown object class 'thing' (dz\structures\proxy_buildingparts\lightningcond\lightningconductormiddle\lightningconductormiddle.p3d)
21:04:46.168    ENTITY    (W): Unknown object class 'thing' (dz\structures\proxy_buildingparts\lightningcond\lightningconductormiddle\lightningconductormiddle.p3d)
21:04:46.168    ENTITY    (W): Unknown object class 'thing' (dz\structures\proxy_buildingparts\lightningcond\lightningconductormiddle\lightningconductormiddle.p3d)
21:04:46.168    ENTITY    (W): Unknown object class 'thing' (dz\structures\proxy_buildingparts\lightningcond\lightningconductormiddle\lightningconductormiddle.p3d)
21:04:46.168    ENTITY    (W): Unknown object class 'thing' (dz\structures\proxy_buildingparts\lightningcond\lightningconductormiddle\lightningconductormiddle.p3d)
21:04:46.168    ENTITY    (W): Unknown object class 'thing' (dz\structures\proxy_buildingparts\lightningcond\lightningconductormiddle\lightningconductormiddle.p3d)
21:04:46.169    ENTITY    (W): Unknown object class 'thing' (dz\structures\proxy_buildingparts\lightningcond\lightningconductormiddle\lightningconductormiddle.p3d)
21:04:46.169    ENTITY    (W): Unknown object class 'thing' (dz\structures\proxy_buildingparts\lightningcond\lightningconductormiddle\lightningconductormiddle.p3d)
21:04:46.169    ENTITY    (W): Unknown object class 'thing' (dz\structures\proxy_buildingparts\lightningcond\lightningconductormiddle\lightningconductormiddle.p3d)
21:04:46.169    ENTITY    (W): Unknown object class 'thing' (dz\structures\proxy_buildingparts\lightningcond\lightningconductormiddle\lightningconductormiddle.p3d)
21:04:46.172    ENTITY    (W): Unknown object class 'thing' (dz\structures\proxy_buildingparts\lightningcond\lightningconductormiddle\lightningconductormiddle.p3d)
21:04:46.174    ENTITY    (W): Unknown object class 'thing' (dz\structures\proxy_buildingparts\lightningcond\lightningconductormiddle\lightningconductormiddle.p3d)
21:04:46.176    ENTITY    (W): Unknown object class 'thing' (dz\structures\proxy_buildingparts\lightningcond\lightningconductormiddle\lightningconductormiddle.p3d)
21:04:46.178    ENTITY    (W): Unknown object class 'thing' (dz\structures\proxy_buildingparts\lightningcond\lightningconductormiddle\lightningconductormiddle.p3d)
21:04:46.179    ENTITY    (W): Unknown object class 'thing' (dz\structures\proxy_buildingparts\lightningcond\lightningconductormiddle\lightningconductormiddle.p3d)
21:04:46.179    ENTITY    (W): Unknown object class 'thing' (dz\structures\proxy_buildingparts\lightningcond\lightningconductormiddle\lightningconductormiddle.p3d)
21:04:46.179    ENTITY    (W): Unknown object class 'thing' (dz\structures\proxy_buildingparts\lightningcond\lightningconductormiddle\lightningconductormiddle.p3d)
21:04:46.180    ENTITY    (W): Unknown object class 'thing' (dz\structures\proxy_buildingparts\lightningcond\lightningconductormiddle\lightningconductormiddle.p3d)
21:04:46.180    ENTITY    (W): Unknown object class 'thing' (dz\structures\proxy_buildingparts\lightningcond\lightningconductormiddle\lightningconductormiddle.p3d)
21:04:46.180    ENTITY    (W): Unknown object class 'thing' (dz\structures\proxy_buildingparts\lightningcond\lightningconductormiddle\lightningconductormiddle.p3d)
21:04:46.180    ENTITY    (W): Unknown object class 'thing' (dz\structures\proxy_buildingparts\lightningcond\lightningconductormiddle\lightningconductormiddle.p3d)
21:04:46.181    ENTITY    (W): Unknown object class 'thing' (dz\structures\proxy_buildingparts\lightningcond\lightningconductormiddle\lightningconductormiddle.p3d)
21:04:46.181    ENTITY    (W): Unknown object class 'thing' (dz\structures\proxy_buildingparts\lightningcond\lightningconductormiddle\lightningconductormiddle.p3d)
21:04:46.181    ENTITY    (W): Unknown object class 'thing' (dz\structures\proxy_buildingparts\lightningcond\lightningconductormiddle\lightningconductormiddle.p3d)
21:04:46.181    ENTITY    (W): Unknown object class 'thing' (dz\structures\proxy_buildingparts\lightningcond\lightningconductormiddle\lightningconductormiddle.p3d)
21:04:46.182    ENTITY    (W): Unknown object class 'thing' (dz\structures\proxy_buildingparts\lightningcond\lightningconductormiddle\lightningconductormiddle.p3d)
21:04:46.182    ENTITY    (W): Unknown object class 'thing' (dz\structures\proxy_buildingparts\lightningcond\lightningconductormiddle\lightningconductormiddle.p3d)
21:04:46.184    ENTITY    (W): Unknown object class 'thing' (dz\structures\proxy_buildingparts\lightningcond\lightningconductormiddle\lightningconductormiddle.p3d)
21:04:46.185    ENTITY    (W): Unknown object class 'thing' (dz\structures\proxy_buildingparts\lightningcond\lightningconductormiddle\lightningconductormiddle.p3d)
21:04:46.185    ENTITY    (W): Unknown object class 'thing' (dz\structures\proxy_buildingparts\lightningcond\lightningconductormiddle\lightningconductormiddle.p3d)
21:04:46.186    ENTITY    (W): Unknown object class 'thing' (dz\structures\proxy_buildingparts\lightningcond\lightningconductormiddle\lightningconductormiddle.p3d)
21:04:46.186    ENTITY    (W): Unknown object class 'thing' (dz\structures\proxy_buildingparts\lightningcond\lightningconductormiddle\lightningconductormiddle.p3d)
21:04:46.186    ENTITY    (W): Unknown object class 'thing' (dz\structures\proxy_buildingparts\lightningcond\lightningconductormiddle\lightningconductormiddle.p3d)
21:04:46.320   ENTITY       : Load entity type 'Land_Garage_Row_Small'
21:04:46.320    ENTITY    (W): Door 'DoorsTwin1' is missing geometry components for selection 'DoorsTwin1', check model+config
21:04:46.320    ENTITY    (W): Door 'DoorsTwin2' is missing geometry components for selection 'DoorsTwin2', check model+config
21:04:46.320    ENTITY    (W): Door 'DoorsTwin3' is missing geometry components for selection 'DoorsTwin3', check model+config
21:04:46.367   ENTITY       : Load entity type 'Land_Wreck_sed02_aban1_grey'
21:04:46.370    ENTITY    (W): Door 'Doors1' is missing geometry components for selection 'Doors1', check model+config
21:04:46.371    ENTITY    (W): Door 'Doors2' is missing geometry components for selection 'Doors2', check model+config
21:04:46.371    ENTITY    (W): Door 'Doors3' is missing geometry components for selection 'Doors3', check model+config
21:04:46.378   ENTITY       : Load entity type 'Land_Wreck_hb01_aban1_white'
21:04:46.378    ENTITY    (W): Door 'Doors1' is missing geometry components for selection 'Doors1', check model+config
21:04:46.378    ENTITY    (W): Door 'Doors2' is missing geometry components for selection 'Doors2', check model+config
21:04:46.404   ENTITY       : Load entity type 'Land_Wreck_hb02_aban1_red'
21:04:46.404    ENTITY    (W): Door 'Doors3' is missing geometry components for selection 'Doors3', check model+config
21:04:46.437   ENTITY       : Load entity type 'Land_Wreck_hb01_aban2_green'
21:04:46.438    ENTITY    (W): Door 'Doors1' is missing geometry components for selection 'Doors1', check model+config
21:04:46.438    ENTITY    (W): Door 'Doors2' is missing geometry components for selection 'Doors2', check model+config
21:04:46.477   ENTITY       : Load entity type 'Land_HouseBlock_1F4'
21:04:46.477    ENTITY    (W): Door 'DoorsTwin1' is missing geometry components for selection 'DoorsTwin1', check model+config
21:04:46.478   ENTITY       : Load entity type 'Land_HouseBlock_2F8'
21:04:46.479    ENTITY    (W): Door 'DoorsTwin1' is missing geometry components for selection 'DoorsTwin1', check model+config
21:04:46.480   ENTITY       : Load entity type 'Land_HouseBlock_2F_Corner'
21:04:46.480    ENTITY    (W): Door 'DoorsTwin1' is missing geometry components for selection 'DoorsTwin1', check model+config
21:04:46.480    ENTITY    (W): Door 'DoorsTwin2' is missing geometry components for selection 'DoorsTwin2', check model+config
21:04:46.494   ENTITY       : Load entity type 'Land_House_2W02'
21:04:46.494    ENTITY    (W): Door 'DoorsTwin1' is missing geometry components for selection 'DoorsTwin1', check model+config
21:04:46.518   ENTITY       : Load entity type 'Land_HouseBlock_2F1'
21:04:46.518    ENTITY    (W): Door 'DoorsTwin1' is missing geometry components for selection 'DoorsTwin1', check model+config
21:04:46.518    ENTITY    (W): Door 'DoorsTwin2' is missing geometry components for selection 'DoorsTwin2', check model+config
21:04:46.520   ENTITY       : Load entity type 'Land_HouseBlock_2F2'
21:04:46.521    ENTITY    (W): Door 'DoorsTwin1' is missing geometry components for selection 'DoorsTwin1', check model+config
21:04:46.521    ENTITY    (W): Door 'DoorsTwin2' is missing geometry components for selection 'DoorsTwin2', check model+config
21:04:46.521    ENTITY    (W): Unknown object class 'thing' (dz\structures\furniture\eletrical_appliances\washing_machine\washing_machine.p3d)
21:04:46.522    ENTITY    (W): Unknown object class 'thing' (dz\structures\furniture\eletrical_appliances\washing_machine\washing_machine.p3d)
21:04:46.522    ENTITY    (W): Unknown object class 'thing' (dz\structures\furniture\eletrical_appliances\washing_machine\washing_machine.p3d)
21:04:46.537   ENTITY       : Load entity type 'Land_Garage_Small'
21:04:46.538    ENTITY    (W): Door 'DoorsTwin1' is missing geometry components for selection 'DoorsTwin1', check model+config
21:04:46.539   ENTITY       : Load entity type 'Land_HouseBlock_1F1'
21:04:46.539    ENTITY    (W): Unknown object class 'thing' (dz\structures\furniture\eletrical_appliances\washing_machine\washing_machine.p3d)
21:04:46.540    ENTITY    (W): Unknown object class 'thing' (dz\structures\furniture\eletrical_appliances\washing_machine\washing_machine.p3d)
21:04:46.540    ENTITY    (W): Unknown object class 'thing' (dz\structures\furniture\eletrical_appliances\washing_machine\washing_machine.p3d)
21:04:46.541   ENTITY       : Load entity type 'Land_House_2W04_Yellow'
21:04:46.541    ENTITY    (W): Door 'DoorsTwin1' is missing geometry components for selection 'DoorsTwin1', check model+config
21:04:46.571   ENTITY       : Load entity type 'Land_Church3'
21:04:46.572    ENTITY    (W): Door 'DoorsTwin1' is missing geometry components for selection 'DoorsTwin1', check model+config
21:04:46.635   ENTITY       : Load entity type 'Land_HouseBlock_3F_Corner1'
21:04:46.636    ENTITY    (W): Door 'DoorsTwin1' is missing geometry components for selection 'DoorsTwin1', check model+config
21:04:46.636    ENTITY    (W): Door 'DoorsTwin2' is missing geometry components for selection 'DoorsTwin2', check model+config
21:04:46.637    ENTITY    (W): Unknown object class 'thing' (dz\structures\furniture\eletrical_appliances\washing_machine\washing_machine.p3d)
21:04:46.637    ENTITY    (W): Unknown object class 'thing' (dz\structures\furniture\eletrical_appliances\washing_machine\washing_machine.p3d)
21:04:46.638    ENTITY    (W): Unknown object class 'thing' (dz\structures\furniture\eletrical_appliances\washing_machine\washing_machine.p3d)
21:04:46.640   ENTITY       : Load entity type 'Land_HouseBlock_3F2'
21:04:46.640    ENTITY    (W): Door 'DoorsTwin1' is missing geometry components for selection 'DoorsTwin1', check model+config
21:04:46.641    ENTITY    (W): Door 'DoorsTwin2' is missing geometry components for selection 'DoorsTwin2', check model+config
21:04:46.676   ENTITY       : Load entity type 'Land_Wreck_hb02_aban1_black'
21:04:46.676    ENTITY    (W): Door 'Doors3' is missing geometry components for selection 'Doors3', check model+config
21:04:46.677   ENTITY       : Load entity type 'Land_HouseBlock_2F6'
21:04:46.678    ENTITY    (W): Door 'DoorsTwin1' is missing geometry components for selection 'DoorsTwin1', check model+config
21:04:46.687   ENTITY       : Load entity type 'Land_Wreck_sed01_aban1_wine'
21:04:46.687    ENTITY    (W): Door 'Doors3' is missing geometry components for selection 'Doors3', check model+config
21:04:46.694   ENTITY       : Load entity type 'Land_Workshop4'
21:04:46.694    ENTITY    (W): Door 'DoorsTwin1' is missing geometry components for selection 'DoorsTwin1', check model+config
21:04:46.700   ENTITY       : Load entity type 'Land_Workshop2'
21:04:46.700    ENTITY    (W): Door 'DoorsTwin1' is missing geometry components for selection 'DoorsTwin1', check model+config
21:04:46.717   WORLD        : Create entity type 'Land_power_pole_conc4_lamp_amp'
21:04:46.717    ENTITY    (E): Type 'HouseType' must be inherited from class 'PASReceiverType'
21:04:46.729   ENTITY       : Load entity type 'Land_Wreck_sed02_aban2_red'
21:04:46.730    ENTITY    (W): Door 'Doors1' is missing geometry components for selection 'Doors1', check model+config
21:04:46.730    ENTITY    (W): Door 'Doors2' is missing geometry components for selection 'Doors2', check model+config
21:04:46.730    ENTITY    (W): Door 'Doors3' is missing geometry components for selection 'Doors3', check model+config
21:04:46.744   ENTITY       : Load entity type 'Land_HouseBlock_1F3'
21:04:46.745    ENTITY    (W): Door 'DoorsTwin1' is missing geometry components for selection 'DoorsTwin1', check model+config
21:04:46.784   ENTITY       : Load entity type 'Land_HouseBlock_2F4'
21:04:46.784    ENTITY    (W): Door 'DoorsTwin1' is missing geometry components for selection 'DoorsTwin1', check model+config
21:04:46.806   ENTITY       : Load entity type 'Land_HouseBlock_2F9'
21:04:46.806    ENTITY    (W): Door 'DoorsTwin1' is missing geometry components for selection 'DoorsTwin1', check model+config
21:04:46.818   ENTITY       : Load entity type 'Land_Wreck_sed02_aban2_yellow'
21:04:46.818    ENTITY    (W): Door 'Doors1' is missing geometry components for selection 'Doors1', check model+config
21:04:46.818    ENTITY    (W): Door 'Doors2' is missing geometry components for selection 'Doors2', check model+config
21:04:46.818    ENTITY    (W): Door 'Doors3' is missing geometry components for selection 'Doors3', check model+config
21:04:46.852   ENTITY       : Load entity type 'Land_Wreck_hb01_aban2_blue'
21:04:46.852    ENTITY    (W): Door 'Doors1' is missing geometry components for selection 'Doors1', check model+config
21:04:46.853    ENTITY    (W): Door 'Doors2' is missing geometry components for selection 'Doors2', check model+config
21:04:46.855   ENTITY       : Load entity type 'Land_Rail_Station_Big'
21:04:46.855    ENTITY    (W): Door 'DoorsTwin1' is missing geometry components for selection 'DoorsTwin1', check model+config
21:04:46.884   ENTITY       : Load entity type 'Land_Wall_Gate_FenG_Big_Open'
21:04:46.885    ENTITY    (W): Door 'DoorsTwin1' is missing geometry components for selection 'DoorsTwin1', check model+config
21:04:46.888   ENTITY       : Load entity type 'Land_City_PoliceStation'
21:04:46.888    ENTITY    (W): Door 'DoorsTwin1' is missing geometry components for selection 'DoorsTwin1', check model+config
21:04:46.889    ENTITY    (W): Door 'DoorsTwin2' is missing geometry components for selection 'DoorsTwin2', check model+config
21:04:46.889    ENTITY    (W): Door 'DoorsTwin3' is missing geometry components for selection 'DoorsTwin3', check model+config
21:04:46.936   ENTITY       : Load entity type 'Land_Wreck_sed02_aban2_grey'
21:04:46.937    ENTITY    (W): Door 'Doors1' is missing geometry components for selection 'Doors1', check model+config
21:04:46.937    ENTITY    (W): Door 'Doors2' is missing geometry components for selection 'Doors2', check model+config
21:04:46.937    ENTITY    (W): Door 'Doors3' is missing geometry components for selection 'Doors3', check model+config
21:04:46.946   ENTITY       : Load entity type 'Land_Garage_Row_Big'
21:04:46.947    ENTITY    (W): Door 'DoorsTwin1' is missing geometry components for selection 'DoorsTwin1', check model+config
21:04:46.947    ENTITY    (W): Door 'DoorsTwin2' is missing geometry components for selection 'DoorsTwin2', check model+config
21:04:46.947    ENTITY    (W): Door 'DoorsTwin3' is missing geometry components for selection 'DoorsTwin3', check model+config
21:04:46.947    ENTITY    (W): Door 'DoorsTwin4' is missing geometry components for selection 'DoorsTwin4', check model+config
21:04:46.970   ENTITY       : Load entity type 'Land_City_Hospital'
21:04:46.970    ENTITY    (W): Door 'DoorsTwin1' is missing geometry components for selection 'DoorsTwin1', check model+config
21:04:46.993   ENTITY       : Load entity type 'Land_Container_1Bo'
21:04:46.993    ENTITY    (W): Door 'DoorsTwin1' is missing geometry components for selection 'DoorsTwin1', check model+config
21:04:46.993    ENTITY    (W): Door 'DoorsTwin2' is missing geometry components for selection 'DoorsTwin2', check model+config
21:04:46.994   ENTITY       : Load entity type 'Land_City_Store_WithStairs'
21:04:46.994    ENTITY    (W): Door 'DoorsTwin1' is missing geometry components for selection 'DoorsTwin1', check model+config
21:04:46.995    ENTITY    (W): Door 'DoorsTwin2' is missing geometry components for selection 'DoorsTwin2', check model+config
21:04:46.995    ENTITY    (W): Door 'DoorsTwin3' is missing geometry components for selection 'DoorsTwin3', check model+config
21:04:46.995    ENTITY    (W): Door 'DoorsTwin4' is missing geometry components for selection 'DoorsTwin4', check model+config
21:04:46.995    ENTITY    (W): Door 'DoorsTwin5' is missing geometry components for selection 'DoorsTwin5', check model+config
21:04:47.16    ENTITY       : Load entity type 'Land_House_2W04'
21:04:47.16     ENTITY    (W): Door 'DoorsTwin1' is missing geometry components for selection 'DoorsTwin1', check model+config
21:04:47.53    ENTITY       : Load entity type 'Land_Office2'
21:04:47.54     ENTITY    (W): Door 'DoorsTwin1' is missing geometry components for selection 'DoorsTwin1', check model+config
21:04:47.54     ENTITY    (W): Door 'DoorsTwin2' is missing geometry components for selection 'DoorsTwin2', check model+config
21:04:47.54     ENTITY    (W): Door 'DoorsTwin3' is missing geometry components for selection 'DoorsTwin3', check model+config
21:04:47.54     ENTITY    (W): Door 'DoorsTwin4' is missing geometry components for selection 'DoorsTwin4', check model+config
21:04:47.55     ENTITY    (W): Door 'DoorsTwin5' is missing geometry components for selection 'DoorsTwin5', check model+config
21:04:47.108   ENTITY    (W): Unknown object class 'pond' (dz\water\ponds\pond_50x50.p3d)
21:04:47.224   ENTITY       : Load entity type 'Land_House_1W12_Brown'
21:04:47.225    ENTITY    (W): Unknown object class 'thing' (dz\structures\furniture\eletrical_appliances\washing_machine\washing_machine.p3d)
21:04:47.225    ENTITY    (W): Unknown object class 'thing' (dz\structures\furniture\eletrical_appliances\washing_machine\washing_machine.p3d)
21:04:47.226    ENTITY    (W): Unknown object class 'thing' (dz\structures\furniture\eletrical_appliances\washing_machine\washing_machine.p3d)
21:04:47.268   ENTITY       : Load entity type 'Land_House_1W08_Brown'
21:04:47.269    ENTITY    (W): Unknown object class 'thing' (dz\structures\furniture\eletrical_appliances\washing_machine\washing_machine.p3d)
21:04:47.269    ENTITY    (W): Unknown object class 'thing' (dz\structures\furniture\eletrical_appliances\washing_machine\washing_machine.p3d)
21:04:47.269    ENTITY    (W): Unknown object class 'thing' (dz\structures\furniture\eletrical_appliances\washing_machine\washing_machine.p3d)
21:04:47.408   ENTITY       : Load entity type 'Land_Wreck_hb01_aban2_white'
21:04:47.408    ENTITY    (W): Door 'Doors1' is missing geometry components for selection 'Doors1', check model+config
21:04:47.409    ENTITY    (W): Door 'Doors2' is missing geometry components for selection 'Doors2', check model+config
21:04:47.497   ENTITY       : Load entity type 'Land_Office1'
21:04:47.497    ENTITY    (W): Door 'DoorsTwin1' is missing geometry components for selection 'DoorsTwin1', check model+config
21:04:47.498    ENTITY    (W): Door 'DoorsTwin2' is missing geometry components for selection 'DoorsTwin2', check model+config
21:04:47.498    ENTITY    (W): Door 'DoorsTwin3' is missing geometry components for selection 'DoorsTwin3', check model+config
21:04:47.498    ENTITY    (W): Door 'DoorsTwin4' is missing geometry components for selection 'DoorsTwin4', check model+config
21:04:47.498    ENTITY    (W): Door 'DoorsTwin5' is missing geometry components for selection 'DoorsTwin5', check model+config
21:04:47.499    ENTITY    (W): Door 'DoorsTwin6' is missing geometry components for selection 'DoorsTwin6', check model+config
21:04:47.499    ENTITY    (W): Door 'DoorsTwin7' is missing geometry components for selection 'DoorsTwin7', check model+config
21:04:47.565   ENTITY       : Load entity type 'Land_Workshop5'
21:04:47.565    ENTITY    (W): Door 'DoorsTwin1' is missing geometry components for selection 'DoorsTwin1', check model+config
21:04:47.567   ENTITY       : Load entity type 'Land_Factory_Small'
21:04:47.567    ENTITY    (W): Door 'DoorsTwin1' is missing geometry components for selection 'DoorsTwin1', check model+config
21:04:47.567    ENTITY    (W): Door 'DoorsTwin2' is missing geometry components for selection 'DoorsTwin2', check model+config
21:04:47.754   ENTITY       : Load entity type 'Land_Wreck_hb01_aban1_green'
21:04:47.754    ENTITY    (W): Door 'Doors1' is missing geometry components for selection 'Doors1', check model+config
21:04:47.754    ENTITY    (W): Door 'Doors2' is missing geometry components for selection 'Doors2', check model+config
21:04:47.924   ENTITY       : Load entity type 'Land_Mil_Barracks3'
21:04:47.924    ENTITY    (W): Door 'DoorsTwin1' is missing geometry components for selection 'DoorsTwin1', check model+config
21:04:47.968   ENTITY       : Load entity type 'Land_wreck_truck01_aban2_firetruck'
21:04:47.969    ENTITY    (W): Door 'Doors2' is missing geometry components for selection 'Doors2', check model+config
21:04:47.969    ENTITY    (W): Door 'DoorsTwin1' is missing geometry components for selection 'DoorsTwin1', check model+config
21:04:47.969    ENTITY    (W): Door 'Doors5' is missing geometry components for selection 'Doors5', check model+config
21:04:47.969    ENTITY    (W): Door 'Doors6' is missing geometry components for selection 'Doors6', check model+config
21:04:47.969    ENTITY    (W): Door 'Doors7' is missing geometry components for selection 'Doors7', check model+config
21:04:47.970    ENTITY    (W): Door 'Doors8' is missing geometry components for selection 'Doors8', check model+config
21:04:47.970    ENTITY    (W): Door 'Doors9' is missing geometry components for selection 'Doors9', check model+config
21:04:47.971   ENTITY       : Load entity type 'Land_wreck_truck01_aban1_firetruck'
21:04:47.971    ENTITY    (W): Door 'Doors2' is missing geometry components for selection 'Doors2', check model+config
21:04:47.971    ENTITY    (W): Door 'DoorsTwin1' is missing geometry components for selection 'DoorsTwin1', check model+config
21:04:47.972    ENTITY    (W): Door 'Doors5' is missing geometry components for selection 'Doors5', check model+config
21:04:47.972    ENTITY    (W): Door 'Doors6' is missing geometry components for selection 'Doors6', check model+config
21:04:47.972    ENTITY    (W): Door 'Doors7' is missing geometry components for selection 'Doors7', check model+config
21:04:47.972    ENTITY    (W): Door 'Doors8' is missing geometry components for selection 'Doors8', check model+config
21:04:47.973    ENTITY    (W): Door 'Doors9' is missing geometry components for selection 'Doors9', check model+config
21:04:48.01    ENTITY       : Load entity type 'Land_Container_1Moh'
21:04:48.02     ENTITY    (W): Door 'DoorsTwin1' is missing geometry components for selection 'DoorsTwin1', check model+config
21:04:48.03    ENTITY       : Load entity type 'Land_Rail_Warehouse_Small'
21:04:48.03     ENTITY    (W): Door 'DoorsTwin1' is missing geometry components for selection 'DoorsTwin1', check model+config
21:04:48.03     ENTITY    (W): Door 'DoorsTwin2' is missing geometry components for selection 'DoorsTwin2', check model+config
21:04:48.11    ENTITY       : Load entity type 'Land_Container_1Aoh'
21:04:48.12     ENTITY    (W): Door 'DoorsTwin1' is missing geometry components for selection 'DoorsTwin1', check model+config
21:04:48.42    ENTITY       : Load entity type 'Land_Village_HealthCare'
21:04:48.43     ENTITY    (W): Door 'DoorsTwin1' is missing geometry components for selection 'DoorsTwin1', check model+config
21:04:48.43     ENTITY    (W): Door 'DoorsTwin2' is missing geometry components for selection 'DoorsTwin2', check model+config
21:04:48.401   ENTITY    (W): Unknown object class 'pond' (dz\water\ponds\pond_big_38_01.p3d)
21:04:48.402   ENTITY    (W): Unknown object class 'pond' (dz\water\ponds\pond_big_38_02.p3d)
21:04:48.749   ENTITY       : Load entity type 'Land_Farm_CowshedA'
21:04:48.749    ENTITY    (W): Door 'DoorsTwin1' is missing geometry components for selection 'DoorsTwin1', check model+config
21:04:48.749    ENTITY    (W): Door 'DoorsTwin2' is missing geometry components for selection 'DoorsTwin2', check model+config
21:04:48.751   ENTITY       : Load entity type 'Land_Farm_CowshedC'
21:04:48.751    ENTITY    (W): Door 'DoorsTwin1' is missing geometry components for selection 'DoorsTwin1', check model+config
21:04:48.849   ENTITY       : Load entity type 'Land_CementWorks_Hall2_Brick'
21:04:48.849    ENTITY    (W): Door 'DoorsTwin1' is missing geometry components for selection 'DoorsTwin1', check model+config
21:04:48.942   ENTITY       : Load entity type 'Land_Wreck_offroad02_aban2'
21:04:48.943    ENTITY    (W): Door 'Doors3' is missing geometry components for selection 'Doors3', check model+config
21:04:49.57    ENTITY       : Load entity type 'Land_Mil_Airfield_HQ'
21:04:49.57     ENTITY    (W): Door 'DoorsTwin1' is missing geometry components for selection 'DoorsTwin1', check model+config
21:04:49.105   ENTITY       : Load entity type 'Land_Mil_Barracks1'
21:04:49.105    ENTITY    (W): Door 'DoorsTwin1' is missing geometry components for selection 'DoorsTwin1', check model+config
21:04:49.178   ENTITY    (W): Unknown object class 'pond' (dz\water\ponds\pond_small_06.p3d)
21:04:49.198   WORLD        : Create entity type 'Land_radio_panelbig'
21:04:49.198    ENTITY    (E): Type 'HouseType' must be inherited from class 'StaticTransmitterType'
21:04:49.218   ENTITY       : Load entity type 'Land_Radio_building'
21:04:49.218    ENTITY    (W): Door 'DoorsTwin1' is missing geometry components for selection 'DoorsTwin1', check model+config
21:04:49.446   ENTITY    (W): Unknown object class 'pond' (dz\water\ponds\pond_50x50.p3d)
21:04:49.737   ENTITY    (W): Unknown object class 'pond' (dz\water\ponds\pond_50x50.p3d)
21:04:49.757   ENTITY    (W): Unknown object class 'pond' (dz\water\ponds\pond_50x50.p3d)
21:04:49.831   ENTITY       : Load entity type 'Land_Garage_Big'
21:04:49.832    ENTITY    (W): Door 'DoorsTwin1' is missing geometry components for selection 'DoorsTwin1', check model+config
21:04:49.877   ENTITY       : Load entity type 'Land_Tisy_HQ'
21:04:49.877    ENTITY    (W): Door 'DoorsTwin1' is missing geometry components for selection 'DoorsTwin1', check model+config
21:04:50.497   ENTITY    (W): Unknown object class 'pond' (dz\water\ponds\pond_small_20.p3d)
21:04:50.626   ENTITY    (W): Unknown object class 'pond' (dz\water\ponds\pond_small_02.p3d)
21:04:50.901   ENTITY       : Load entity type 'Land_HouseBlock_5F'
21:04:50.902    ENTITY    (W): Door 'DoorsTwin1' is missing geometry components for selection 'DoorsTwin1', check model+config
21:04:50.905   ENTITY       : Load entity type 'Land_Office_Municipal2'
21:04:50.905    ENTITY    (W): Door 'DoorsTwin1' is missing geometry components for selection 'DoorsTwin1', check model+config
21:05:06.854  SCRIPT    (E): @"$CurrentDir:mpmissions\dayzOffline.chernarusplus\init.c,266": Function 'Expansion_OnQuestCompletion' is marked as override, but there is no function with this name in the base class
21:05:06.860  SCRIPT    (E): Can't compile mission init script'!

$CurrentDir:mpmissions\dayzOffline.chernarusplus\init.c(266): Function 'Expansion_OnQuestCompletion' is marked as override, but there is no function with this name in the base class
21:13:51.849 [Disconnect]: Client 29004883 disconnecting
21:13:51.849 [Disconnect]: Client 29004883 early disconnect
21:15:54.557  ENTITY       : Load entity type 'Land_Wall_Gate_Tin6_2'
21:15:54.557   ENTITY    (W): Door 'DoorsTwin1' is missing geometry components for selection 'DoorsTwin1', check model+config
21:15:54.585  ENTITY       : CreatePhysics entity StaticObj_Wall_Tin_Pole:0
21:15:54.585   PHYSICS   (E): LODShape: 'dz\structures\walls\wall_tin_pole.p3d' was instanced with interaction layer 'CHARACTER' but now there is an attempt to load it with 'AI'. Likely mismatching 'physLayer' in Config/Named Property between .p3d shared across multiple entities.
21:15:54.590  ENTITY       : CreatePhysics entity StaticObj_Wall_Tin_Pole:0
21:15:54.590   PHYSICS   (E): LODShape: 'dz\structures\walls\wall_tin_pole.p3d' was instanced with interaction layer 'CHARACTER' but now there is an attempt to load it with 'AI'. Likely mismatching 'physLayer' in Config/Named Property between .p3d shared across multiple entities.
21:15:54.591  ENTITY       : CreatePhysics entity StaticObj_Wall_Tin_Pole:0
21:15:54.591   PHYSICS   (E): LODShape: 'dz\structures\walls\wall_tin_pole.p3d' was instanced with interaction layer 'CHARACTER' but now there is an attempt to load it with 'AI'. Likely mismatching 'physLayer' in Config/Named Property between .p3d shared across multiple entities.
21:15:54.639  ENTITY       : CreatePhysics entity StaticObj_Wall_Tin_Pole:0
21:15:54.639   PHYSICS   (E): LODShape: 'dz\structures\walls\wall_tin_pole.p3d' was instanced with interaction layer 'CHARACTER' but now there is an attempt to load it with 'AI'. Likely mismatching 'physLayer' in Config/Named Property between .p3d shared across multiple entities.
21:15:54.731 Mission script has no main function, player connect will stay disabled!
21:15:54.732 [Disconnect]: Remove player info 29004883
21:15:57.937  --- Termination successfully completed --- 
