ExpansionExchangeMachine.Exchange|0.696000 0.540000 0.427000|-136.677 0.000000 0.000000
ExpansionTraderDenis.Clothing|3688.447000 401.953000 5979.035000|67.33 0.000000 0.000000|ALV_CottonTop_Tan,ALV_DenimJacket_Blue_Wool,ALV_Jeans_Brown,HikingBootsLow_Brown,ALV_LeatherBelt_Black,ALV_ShemaghScarf_Black,ALV_TacCap_Black
ExpansionTraderMaria.Clothing_Accessories|3685.805000 401.953000 5981.425000|69.18 0.000000 0.000000|ALV_CottonTop_Olive,ALV_LightweightJacket_Tan,ALV_Jeans_Grey_Kneepads,HikingBootsLow_Blue,ALV_ShemaghScarf_Red,ALV_Boonie_Tan,TaloonBag_Blue
ExpansionTraderQuinn.Consumables|3705.351000 402.023000 5974.619000|165.598 0.000000 0.000000|Flannel_Shirt_Brown,ALV_PlaidJacket_Brown,ALV_Workpants_Beige,WorkingBoots_Brown,ReflexVest,Shemag_Brown,ALV_Boonie_Black,DryBag_Green
ExpansionTraderNaomi.Weapons|3694.393000 401.960000 5977.172000|80.9 0.000000 0.000000|TacticalShirt_Olive,ALV_MilitaryJacket_Olive,ALV_HunterPants_Kneepads_Camo,MilitaryBoots_Black,UKAssVest_Black,Shemag_Brown,ALV_TacCap_Black,MilitaryBelt,AssaultBag_Black
ExpansionTraderSeth.Attachments|3694.136000 402.104000 5973.784000|127.519 0.000000 0.000000|ALV_CottonTop_Brown,ALV_MechanicPants_Black,WorkingBoots_Brown,UKAssVest_Black,ALV_ShemaghScarf_Black,WinterCoif_Black,AssaultBag_Black
ExpansionTraderRolf.Vehicles|3720.393066 401.410645 6010.149414|22.459940 0.000000|Hoodie_Grey,ALV_MechanicPants_Black,WorkingBoots_Brown,ReflexVest,Shemag_Red,SherpaHat_Black,MountainBag_Green
ExpansionTraderIndar.Components|3705.659000 401.960000 5986.732000|-54 0.000000 0.000000|Military_Sweater_Green,ALV_LightweightJacket_Camo,ALV_Cargopants_Beige,WorkingBoots_Brown,ALV_ShemaghScarf_Black,ALV_Boonie_Tan,HuntingBag
ExpansionTraderJudy.Medicals|3703.028000 401.956000 5980.686000|-99 0.000000 0.000000|Hoodie_White,Jeans_Black,MilitaryBoots_Black,Shemag_White,WinterCoif_Blue,MedBag_UN_Orange
ExpansionTraderNaomi.Vehicle_Parts|3704.439941 402.024902 5959.735840|-29.490791 0.000000 0.000000|ALV_CottonTop_Black,ALV_MechanicPants_Black,WorkingBoots_Brown,ReflexVest,ALV_ShemaghScarf_Red,SherpaHat_Blue,MountainBag_Blue
ExpansionTraderJose.Spraycans|3707.396484 402.024933 5959.422852|-30.983540 0.000000 0.000000|Hoodie_Black,ALV_Jeans_Black_Kneepads,JoggingShoes_Blue,ALV_ShemaghScarf_Black,ALV_BaseballCap_Forwards_Green,ChildBag_Red
ExpansionTraderLinda.Special|3711.202148 401.942261 5972.026855|250.697517 0.000000 0.000000|BomberJacket_Black,ALV_MilitaryJacket_Black,ALV_Jeans_Black,MilitaryBoots_Black,UKAssVest_Black,ALV_Balaclava_FaceCover_Black
ExpansionTraderNiki.BuildingSupplies|3711.041504 402.024963 5961.082031|-66.838264 0.000000 0.000000|ALV_CottonTop_Olive,ALV_Cargopants_Black,WorkingBoots_Brown,ReflexVest,Shemag_Brown,ALV_Boonie_Green,MountainBag_Green