ExpansionExchangeMachine.Exchange|0.696000 0.540000 0.427000|-136.677 0.000000 0.000000
ExpansionTraderDenis.Clothing|3688.447000 401.953000 5979.035000|67.33 0.000000 0.000000|ALV_DressShirt_White,ALV_TweedJacket_Brown,ALV_SmartPants_Brown,HikingBootsLow_Brown,ALV_Scarf01_Cream,ALV_Boonie_Tan,ALV_CanvasBag_Yellow
ExpansionTraderMaria.Clothing_Accessories|3685.805000 401.953000 5981.425000|69.18 0.000000 0.000000|ALV_RaglanTshirt_Teal,ALV_HikingJacket_Red,ALV_Jeans_Blue,AthleticShoes_Blue,ALV_Scarf02_Red,ALV_Beanie_Pink,ALV_HipsterBag_Blue
ExpansionTraderQuinn.Consumables|3705.351000 402.023000 5974.619000|165.598 0.000000 0.000000|ALV_WorkersShirt_Tan,ALV_Duster_Brown,ALV_Workpants_Beige,WorkingBoots_Brown,ALV_Scarf01_Yellow,ALV_Boonie_Black,ALV_RollTopBag_Brown
ExpansionTraderNaomi.Weapons|3694.393000 401.960000 5977.172000|80.9 0.000000 0.000000|ALV_G3Shirt_Tan_Long,ALV_MilitaryJacket_Olive,ALV_G3Pants_Tan,MilitaryBoots_Black,ALV_Scarf03_Black,ALV_TacCap_Black,ALV_AssaultVest_Tan,ALV_MilitaryBag_Tan
ExpansionTraderSeth.Attachments|3694.136000 402.104000 5973.784000|127.519 0.000000 0.000000|ALV_MechanicTop_Grey,ALV_LeatherJacket_Brown,ALV_MechanicPants_Black,WorkingBoots_Brown,ALV_Scarf03_Black,ALV_TacCap_Tan,ALV_ChestRig_Brown,ALV_CanvasBag_Black
ExpansionTraderRolf.Vehicles|3720.393066 401.410645 6010.149414|22.459940 0.000000|ALV_VestShirt_Grey,ALV_LightweightJacket_Tan,ALV_FirefighterPants_Black,WorkingBoots_Brown,ALV_Scarf01_Red,ALV_Beanie_Grey,ALV_DuffleBag_Grey
ExpansionTraderIndar.Components|3705.659000 401.960000 5986.732000|-54 0.000000 0.000000|ALV_ScavangerTop_MC,ALV_HuntingCoat_Camo,ALV_HunterPants_Camo,MilitaryBoots_Black,ALV_Scarf02_Black,ALV_Boonie_MC,ALV_ChestPouch_Camo,ALV_MilitaryBag_Tan
ExpansionTraderJudy.Medicals|3703.028000 401.956000 5980.686000|-99 0.000000 0.000000|ALV_ScrubsTop_Blue,ALV_PCUL5Coat_Snow,ALV_ScrubsPants_Blue,MilitaryBoots_Black,ALV_Scarf01_Cream,ALV_Boonie_Tan,ALV_Satchel_Tan
ExpansionTraderNaomi.Vehicle_Parts|3704.439941 402.024902 5959.735840|-29.490791 0.000000 0.000000|ALV_CottonTop_Black,ALV_DenimJacket_Black_Wool,ALV_MechanicPants_Black,WorkingBoots_Brown,ALV_Scarf03_Black,ALV_Beanie_Black,ALV_HipsterBag_Green
ExpansionTraderJose.Spraycans|3707.396484 402.024933 5959.422852|-30.983540 0.000000 0.000000|ALV_RaglanTshirt_Pink,ALV_HikingJacket_Yellow,ALV_Jeans_Grey,JoggingShoes_Blue,ALV_Scarf02_Yellow,ALV_BaseballCap_Forwards_Green,ALV_HipsterBag_Black
ExpansionTraderLinda.Special|3711.202148 401.942261 5972.026855|250.697517 0.000000 0.000000|ALV_TacticalHoodie_Black,ALV_LeatherJacket_Black,ALV_Jeans_Black,MilitaryBoots_Black,ALV_Scarf03_Black,ALV_Balaclava_Open_Black,ALV_ModularVest_Black
ExpansionTraderNiki.BuildingSupplies|3711.041504 402.024963 5961.082031|-66.838264 0.000000 0.000000|ALV_WorkersShirt_Olive,ALV_PlaidJacket_Beige,ALV_Cargopants_Beige,WorkingBoots_Brown,ALV_Scarf01_Yellow,ALV_Boonie_Green,ALV_RollTopBag_Brown
